Archive member included because of file (symbol)

c:/winavr-20100110/bin/../lib/gcc/avr/4.3.3/avr35\libgcc.a(_mulhi3.o)
                              zipper.o (__mulhi3)
c:/winavr-20100110/bin/../lib/gcc/avr/4.3.3/avr35\libgcc.a(_udivmodqi4.o)
                              zipper.o (__udivmodqi4)
c:/winavr-20100110/bin/../lib/gcc/avr/4.3.3/avr35\libgcc.a(_exit.o)
                              c:/winavr-20100110/bin/../lib/gcc/avr/4.3.3/../../../../avr/lib/avr35/crtusb162.o (exit)
c:/winavr-20100110/bin/../lib/gcc/avr/4.3.3/avr35\libgcc.a(_copy_data.o)
                              zipper.o (__do_copy_data)
c:/winavr-20100110/bin/../lib/gcc/avr/4.3.3/avr35\libgcc.a(_clear_bss.o)
                              zipper.o (__do_clear_bss)

Allocating common symbols
Common symbol       size              file

USB_IsInitialized   0x1               libs//LUFA/Drivers/USB/HighLevel/USBTask.o
USB_CurrentlySelfPowered
                    0x1               libs//LUFA/Drivers/USB/LowLevel/DevChapter9.o
rx_buff             0x40              zipper.o
USB_RemoteWakeupEnabled
                    0x1               libs//LUFA/Drivers/USB/LowLevel/DevChapter9.o
Tx_Buffer           0x85              zipper.o
Exp_board_id        0x1               zipper.o
USB_IsConnected     0x1               libs//LUFA/Drivers/USB/HighLevel/USBTask.o
Scheduler_TotalTasks
                    0x1               libs//LUFA/Scheduler/Scheduler.o
Rx_Buffer           0x85              zipper.o
USB_ControlRequest  0x8               libs//LUFA/Drivers/USB/HighLevel/USBTask.o
USB_ConfigurationNumber
                    0x1               libs//LUFA/Drivers/USB/LowLevel/DevChapter9.o
count               0x1               zipper.o
Scheduler_TickCounter
                    0x2               libs//LUFA/Scheduler/Scheduler.o
tx_buff             0x40              zipper.o
USB_IsSuspended     0x1               libs//LUFA/Drivers/USB/HighLevel/USBTask.o
reg_idx             0x1               zipper.o

Discarded input sections

 .data          0x00000000        0x0 c:/winavr-20100110/bin/../lib/gcc/avr/4.3.3/../../../../avr/lib/avr35/crtusb162.o
 .bss           0x00000000        0x0 c:/winavr-20100110/bin/../lib/gcc/avr/4.3.3/../../../../avr/lib/avr35/crtusb162.o
 .text          0x00000000        0x0 zipper.o
 .bss           0x00000000        0x0 zipper.o
 .text.Delay_us
                0x00000000        0x0 zipper.o
 .text.Search_reg_idx
                0x00000000        0x0 zipper.o
 .text          0x00000000        0x0 libs/i2c/i2csw.o
 .data          0x00000000        0x0 libs/i2c/i2csw.o
 .bss           0x00000000        0x0 libs/i2c/i2csw.o
 .text          0x00000000        0x0 libs/mipi_rffe/mipi_rffe.o
 .data          0x00000000        0x0 libs/mipi_rffe/mipi_rffe.o
 .bss           0x00000000        0x0 libs/mipi_rffe/mipi_rffe.o
 .text          0x00000000        0x0 Descriptors.o
 .data          0x00000000        0x0 Descriptors.o
 .bss           0x00000000        0x0 Descriptors.o
 .text          0x00000000        0x0 libs/ringbuff/RingBuff.o
 .data          0x00000000        0x0 libs/ringbuff/RingBuff.o
 .bss           0x00000000        0x0 libs/ringbuff/RingBuff.o
 .text          0x00000000        0x0 libs//LUFA/Scheduler/Scheduler.o
 .data          0x00000000        0x0 libs//LUFA/Scheduler/Scheduler.o
 .bss           0x00000000        0x0 libs//LUFA/Scheduler/Scheduler.o
 .text.Scheduler_HasDelayElapsed
                0x00000000        0x0 libs//LUFA/Scheduler/Scheduler.o
 .text.Scheduler_SetGroupTaskMode
                0x00000000        0x0 libs//LUFA/Scheduler/Scheduler.o
 .text          0x00000000        0x0 libs//LUFA/Drivers/USB/LowLevel/DevChapter9.o
 .data          0x00000000        0x0 libs//LUFA/Drivers/USB/LowLevel/DevChapter9.o
 .bss           0x00000000        0x0 libs//LUFA/Drivers/USB/LowLevel/DevChapter9.o
 .text          0x00000000        0x0 libs//LUFA/Drivers/USB/LowLevel/Endpoint.o
 .data          0x00000000        0x0 libs//LUFA/Drivers/USB/LowLevel/Endpoint.o
 .bss           0x00000000        0x0 libs//LUFA/Drivers/USB/LowLevel/Endpoint.o
 .text.Endpoint_BytesToEPSizeMaskDynamic
                0x00000000        0x0 libs//LUFA/Drivers/USB/LowLevel/Endpoint.o
 .text.Endpoint_WaitUntilReady
                0x00000000        0x0 libs//LUFA/Drivers/USB/LowLevel/Endpoint.o
 .text.Endpoint_Discard_Stream
                0x00000000        0x0 libs//LUFA/Drivers/USB/LowLevel/Endpoint.o
 .text.Endpoint_Write_Stream_LE
                0x00000000        0x0 libs//LUFA/Drivers/USB/LowLevel/Endpoint.o
 .text.Endpoint_Write_Stream_BE
                0x00000000        0x0 libs//LUFA/Drivers/USB/LowLevel/Endpoint.o
 .text.Endpoint_Read_Stream_LE
                0x00000000        0x0 libs//LUFA/Drivers/USB/LowLevel/Endpoint.o
 .text.Endpoint_Read_Stream_BE
                0x00000000        0x0 libs//LUFA/Drivers/USB/LowLevel/Endpoint.o
 .text.Endpoint_Write_Control_Stream_BE
                0x00000000        0x0 libs//LUFA/Drivers/USB/LowLevel/Endpoint.o
 .text.Endpoint_Read_Control_Stream_BE
                0x00000000        0x0 libs//LUFA/Drivers/USB/LowLevel/Endpoint.o
 .text          0x00000000        0x0 libs//LUFA/Drivers/USB/LowLevel/Host.o
 .data          0x00000000        0x0 libs//LUFA/Drivers/USB/LowLevel/Host.o
 .bss           0x00000000        0x0 libs//LUFA/Drivers/USB/LowLevel/Host.o
 .text          0x00000000        0x0 libs//LUFA/Drivers/USB/LowLevel/HostChapter9.o
 .data          0x00000000        0x0 libs//LUFA/Drivers/USB/LowLevel/HostChapter9.o
 .bss           0x00000000        0x0 libs//LUFA/Drivers/USB/LowLevel/HostChapter9.o
 .text          0x00000000        0x0 libs//LUFA/Drivers/USB/LowLevel/LowLevel.o
 .data          0x00000000        0x0 libs//LUFA/Drivers/USB/LowLevel/LowLevel.o
 .bss           0x00000000        0x0 libs//LUFA/Drivers/USB/LowLevel/LowLevel.o
 .text          0x00000000        0x0 libs//LUFA/Drivers/USB/LowLevel/Pipe.o
 .data          0x00000000        0x0 libs//LUFA/Drivers/USB/LowLevel/Pipe.o
 .bss           0x00000000        0x0 libs//LUFA/Drivers/USB/LowLevel/Pipe.o
 .text          0x00000000        0x0 libs//LUFA/Drivers/USB/HighLevel/Events.o
 .data          0x00000000        0x0 libs//LUFA/Drivers/USB/HighLevel/Events.o
 .bss           0x00000000        0x0 libs//LUFA/Drivers/USB/HighLevel/Events.o
 .text          0x00000000        0x0 libs//LUFA/Drivers/USB/HighLevel/USBInterrupt.o
 .data          0x00000000        0x0 libs//LUFA/Drivers/USB/HighLevel/USBInterrupt.o
 .bss           0x00000000        0x0 libs//LUFA/Drivers/USB/HighLevel/USBInterrupt.o
 .text          0x00000000        0x0 libs//LUFA/Drivers/USB/HighLevel/USBTask.o
 .data          0x00000000        0x0 libs//LUFA/Drivers/USB/HighLevel/USBTask.o
 .bss           0x00000000        0x0 libs//LUFA/Drivers/USB/HighLevel/USBTask.o
 .text          0x00000000        0x0 libs//LUFA/Drivers/USB/HighLevel/ConfigDescriptor.o
 .data          0x00000000        0x0 libs//LUFA/Drivers/USB/HighLevel/ConfigDescriptor.o
 .bss           0x00000000        0x0 libs//LUFA/Drivers/USB/HighLevel/ConfigDescriptor.o
 .text.USB_GetNextDescriptorOfType
                0x00000000        0x0 libs//LUFA/Drivers/USB/HighLevel/ConfigDescriptor.o
 .text.USB_GetNextDescriptorOfTypeBefore
                0x00000000        0x0 libs//LUFA/Drivers/USB/HighLevel/ConfigDescriptor.o
 .text.USB_GetNextDescriptorOfTypeAfter
                0x00000000        0x0 libs//LUFA/Drivers/USB/HighLevel/ConfigDescriptor.o
 .text.USB_GetNextDescriptorComp
                0x00000000        0x0 libs//LUFA/Drivers/USB/HighLevel/ConfigDescriptor.o
 .text          0x00000000        0x0 libs//LUFA/Drivers/USB/Class/HIDParser.o
 .data          0x00000000        0x0 libs//LUFA/Drivers/USB/Class/HIDParser.o
 .bss           0x00000000        0x0 libs//LUFA/Drivers/USB/Class/HIDParser.o
 .text.USB_GetHIDReportItemInfo
                0x00000000        0x0 libs//LUFA/Drivers/USB/Class/HIDParser.o
 .text.USB_SetHIDReportItemInfo
                0x00000000        0x0 libs//LUFA/Drivers/USB/Class/HIDParser.o
 .text.USB_ProcessHIDReport
                0x00000000        0x0 libs//LUFA/Drivers/USB/Class/HIDParser.o
 .text          0x00000000        0x0 c:/winavr-20100110/bin/../lib/gcc/avr/4.3.3/avr35\libgcc.a(_mulhi3.o)
 .data          0x00000000        0x0 c:/winavr-20100110/bin/../lib/gcc/avr/4.3.3/avr35\libgcc.a(_mulhi3.o)
 .bss           0x00000000        0x0 c:/winavr-20100110/bin/../lib/gcc/avr/4.3.3/avr35\libgcc.a(_mulhi3.o)
 .text          0x00000000        0x0 c:/winavr-20100110/bin/../lib/gcc/avr/4.3.3/avr35\libgcc.a(_udivmodqi4.o)
 .data          0x00000000        0x0 c:/winavr-20100110/bin/../lib/gcc/avr/4.3.3/avr35\libgcc.a(_udivmodqi4.o)
 .bss           0x00000000        0x0 c:/winavr-20100110/bin/../lib/gcc/avr/4.3.3/avr35\libgcc.a(_udivmodqi4.o)
 .text          0x00000000        0x0 c:/winavr-20100110/bin/../lib/gcc/avr/4.3.3/avr35\libgcc.a(_exit.o)
 .data          0x00000000        0x0 c:/winavr-20100110/bin/../lib/gcc/avr/4.3.3/avr35\libgcc.a(_exit.o)
 .bss           0x00000000        0x0 c:/winavr-20100110/bin/../lib/gcc/avr/4.3.3/avr35\libgcc.a(_exit.o)
 .text.libgcc   0x00000000        0x0 c:/winavr-20100110/bin/../lib/gcc/avr/4.3.3/avr35\libgcc.a(_exit.o)
 .text          0x00000000        0x0 c:/winavr-20100110/bin/../lib/gcc/avr/4.3.3/avr35\libgcc.a(_copy_data.o)
 .data          0x00000000        0x0 c:/winavr-20100110/bin/../lib/gcc/avr/4.3.3/avr35\libgcc.a(_copy_data.o)
 .bss           0x00000000        0x0 c:/winavr-20100110/bin/../lib/gcc/avr/4.3.3/avr35\libgcc.a(_copy_data.o)
 .text.libgcc   0x00000000        0x0 c:/winavr-20100110/bin/../lib/gcc/avr/4.3.3/avr35\libgcc.a(_copy_data.o)
 .text          0x00000000        0x0 c:/winavr-20100110/bin/../lib/gcc/avr/4.3.3/avr35\libgcc.a(_clear_bss.o)
 .data          0x00000000        0x0 c:/winavr-20100110/bin/../lib/gcc/avr/4.3.3/avr35\libgcc.a(_clear_bss.o)
 .bss           0x00000000        0x0 c:/winavr-20100110/bin/../lib/gcc/avr/4.3.3/avr35\libgcc.a(_clear_bss.o)
 .text.libgcc   0x00000000        0x0 c:/winavr-20100110/bin/../lib/gcc/avr/4.3.3/avr35\libgcc.a(_clear_bss.o)

Memory Configuration

Name             Origin             Length             Attributes
text             0x00000000         0x00020000         xr
data             0x00800060         0x0000ffa0         rw !x
eeprom           0x00810000         0x00010000         rw !x
fuse             0x00820000         0x00000400         rw !x
lock             0x00830000         0x00000400         rw !x
signature        0x00840000         0x00000400         rw !x
*default*        0x00000000         0xffffffff

Linker script and memory map

Address of section .data set to 0x800100
LOAD c:/winavr-20100110/bin/../lib/gcc/avr/4.3.3/../../../../avr/lib/avr35/crtusb162.o
LOAD zipper.o
LOAD libs/i2c/i2csw.o
LOAD libs/mipi_rffe/mipi_rffe.o
LOAD Descriptors.o
LOAD libs/ringbuff/RingBuff.o
LOAD libs//LUFA/Scheduler/Scheduler.o
LOAD libs//LUFA/Drivers/USB/LowLevel/DevChapter9.o
LOAD libs//LUFA/Drivers/USB/LowLevel/Endpoint.o
LOAD libs//LUFA/Drivers/USB/LowLevel/Host.o
LOAD libs//LUFA/Drivers/USB/LowLevel/HostChapter9.o
LOAD libs//LUFA/Drivers/USB/LowLevel/LowLevel.o
LOAD libs//LUFA/Drivers/USB/LowLevel/Pipe.o
LOAD libs//LUFA/Drivers/USB/HighLevel/Events.o
LOAD libs//LUFA/Drivers/USB/HighLevel/USBInterrupt.o
LOAD libs//LUFA/Drivers/USB/HighLevel/USBTask.o
LOAD libs//LUFA/Drivers/USB/HighLevel/ConfigDescriptor.o
LOAD libs//LUFA/Drivers/USB/Class/HIDParser.o
LOAD c:/winavr-20100110/bin/../lib/gcc/avr/4.3.3/../../../../avr/lib/avr35\libm.a
LOAD c:/winavr-20100110/bin/../lib/gcc/avr/4.3.3/avr35\libgcc.a
LOAD c:/winavr-20100110/bin/../lib/gcc/avr/4.3.3/../../../../avr/lib/avr35\libc.a
LOAD c:/winavr-20100110/bin/../lib/gcc/avr/4.3.3/avr35\libgcc.a

.hash
 *(.hash)

.dynsym
 *(.dynsym)

.dynstr
 *(.dynstr)

.gnu.version
 *(.gnu.version)

.gnu.version_d
 *(.gnu.version_d)

.gnu.version_r
 *(.gnu.version_r)

.rel.init
 *(.rel.init)

.rela.init
 *(.rela.init)

.rel.text
 *(.rel.text)
 *(.rel.text.*)
 *(.rel.gnu.linkonce.t*)

.rela.text
 *(.rela.text)
 *(.rela.text.*)
 *(.rela.gnu.linkonce.t*)

.rel.fini
 *(.rel.fini)

.rela.fini
 *(.rela.fini)

.rel.rodata
 *(.rel.rodata)
 *(.rel.rodata.*)
 *(.rel.gnu.linkonce.r*)

.rela.rodata
 *(.rela.rodata)
 *(.rela.rodata.*)
 *(.rela.gnu.linkonce.r*)

.rel.data
 *(.rel.data)
 *(.rel.data.*)
 *(.rel.gnu.linkonce.d*)

.rela.data
 *(.rela.data)
 *(.rela.data.*)
 *(.rela.gnu.linkonce.d*)

.rel.ctors
 *(.rel.ctors)

.rela.ctors
 *(.rela.ctors)

.rel.dtors
 *(.rel.dtors)

.rela.dtors
 *(.rela.dtors)

.rel.got
 *(.rel.got)

.rela.got
 *(.rela.got)

.rel.bss
 *(.rel.bss)

.rela.bss
 *(.rela.bss)

.rel.plt
 *(.rel.plt)

.rela.plt
 *(.rela.plt)

.text           0x00000000     0x16ce
 *(.vectors)
 .vectors       0x00000000       0x74 c:/winavr-20100110/bin/../lib/gcc/avr/4.3.3/../../../../avr/lib/avr35/crtusb162.o
                0x00000000                __vectors
                0x00000000                __vector_default
 *(.vectors)
 *(.progmem.gcc*)
 *(.progmem*)
 .progmem.data  0x00000074       0x8f Descriptors.o
                0x000000cd                ManufacturerString
                0x000000c9                LanguageString
                0x00000074                DeviceDescriptor
                0x000000f3                ProductString
                0x00000086                ConfigurationDescriptor
                0x00000104                . = ALIGN (0x2)
 *fill*         0x00000103        0x1 00
                0x00000104                __trampolines_start = .
 *(.trampolines)
 .trampolines   0x00000104        0x0 linker stubs
 *(.trampolines*)
                0x00000104                __trampolines_end = .
 *(.jumptables)
 *(.jumptables*)
 *(.lowtext)
 *(.lowtext*)
                0x00000104                __ctors_start = .
 *(.ctors)
                0x00000104                __ctors_end = .
                0x00000104                __dtors_start = .
 *(.dtors)
                0x00000104                __dtors_end = .
 SORT(*)(.ctors)
 SORT(*)(.dtors)
 *(.init0)
 .init0         0x00000104        0x0 c:/winavr-20100110/bin/../lib/gcc/avr/4.3.3/../../../../avr/lib/avr35/crtusb162.o
                0x00000104                __init
 *(.init0)
 *(.init1)
 *(.init1)
 *(.init2)
 .init2         0x00000104        0xc c:/winavr-20100110/bin/../lib/gcc/avr/4.3.3/../../../../avr/lib/avr35/crtusb162.o
 *(.init2)
 *(.init3)
 *(.init3)
 *(.init4)
 .init4         0x00000110       0x16 c:/winavr-20100110/bin/../lib/gcc/avr/4.3.3/avr35\libgcc.a(_copy_data.o)
                0x00000110                __do_copy_data
 .init4         0x00000126       0x10 c:/winavr-20100110/bin/../lib/gcc/avr/4.3.3/avr35\libgcc.a(_clear_bss.o)
                0x00000126                __do_clear_bss
 *(.init4)
 *(.init5)
 *(.init5)
 *(.init6)
 *(.init6)
 *(.init7)
 *(.init7)
 *(.init8)
 *(.init8)
 *(.init9)
 .init9         0x00000136        0x6 c:/winavr-20100110/bin/../lib/gcc/avr/4.3.3/../../../../avr/lib/avr35/crtusb162.o
 *(.init9)
 *(.text)
 .text          0x0000013c        0x2 c:/winavr-20100110/bin/../lib/gcc/avr/4.3.3/../../../../avr/lib/avr35/crtusb162.o
                0x0000013c                __vector_22
                0x0000013c                __vector_28
                0x0000013c                __vector_1
                0x0000013c                __vector_24
                0x0000013c                __vector_12
                0x0000013c                __bad_interrupt
                0x0000013c                __vector_6
                0x0000013c                __vector_3
                0x0000013c                __vector_23
                0x0000013c                __vector_25
                0x0000013c                __vector_13
                0x0000013c                __vector_17
                0x0000013c                __vector_19
                0x0000013c                __vector_7
                0x0000013c                __vector_27
                0x0000013c                __vector_5
                0x0000013c                __vector_4
                0x0000013c                __vector_9
                0x0000013c                __vector_2
                0x0000013c                __vector_21
                0x0000013c                __vector_15
                0x0000013c                __vector_8
                0x0000013c                __vector_26
                0x0000013c                __vector_14
                0x0000013c                __vector_10
                0x0000013c                __vector_16
                0x0000013c                __vector_18
                0x0000013c                __vector_20
                0x0000013e                . = ALIGN (0x2)
 *(.text.*)
 .text.Reconfigure_SPI_for_LMS
                0x0000013e       0xaa zipper.o
                0x0000013e                Reconfigure_SPI_for_LMS
 .text.Check_many_blocks
                0x000001e8       0x2a zipper.o
                0x000001e8                Check_many_blocks
 .text.Exp_board_detection
                0x00000212       0x3a zipper.o
                0x00000212                Exp_board_detection
 .text.Main_Task
                0x0000024c      0x4c4 zipper.o
                0x0000024c                Main_Task
 .text.CDC_Task
                0x00000710       0xbe zipper.o
                0x00000710                CDC_Task
 .text.EVENT_USB_UnhandledControlPacket
                0x000007ce       0xa4 zipper.o
                0x000007ce                EVENT_USB_UnhandledControlPacket
 .text.EVENT_USB_ConfigurationChanged
                0x00000872       0x28 zipper.o
                0x00000872                EVENT_USB_ConfigurationChanged
 .text.EVENT_USB_Connect
                0x0000089a        0x8 zipper.o
                0x0000089a                EVENT_USB_Connect
 .text.EVENT_USB_Disconnect
                0x000008a2       0x1c zipper.o
                0x000008a2                EVENT_USB_Disconnect
 .text.main     0x000008be       0x98 zipper.o
                0x000008be                main
 .text.i2cPutbyte
                0x00000956       0xb0 libs/i2c/i2csw.o
                0x00000956                i2cPutbyte
 .text.i2cGetbyte
                0x00000a06       0x86 libs/i2c/i2csw.o
                0x00000a06                i2cGetbyte
 .text.i2cInit  0x00000a8c        0xa libs/i2c/i2csw.o
                0x00000a8c                i2cInit
 .text.i2cSend  0x00000a96       0x78 libs/i2c/i2csw.o
                0x00000a96                i2cSend
 .text.i2cReceive
                0x00000b0e       0xe0 libs/i2c/i2csw.o
                0x00000b0e                i2cReceive
 .text.MIPI_RFFE_Init
                0x00000bee        0xa libs/mipi_rffe/mipi_rffe.o
                0x00000bee                MIPI_RFFE_Init
 .text.MIPI_RFFE_Write
                0x00000bf8      0x17c libs/mipi_rffe/mipi_rffe.o
                0x00000bf8                MIPI_RFFE_Write
 .text.MIPI_RFFE_Read
                0x00000d74      0x12c libs/mipi_rffe/mipi_rffe.o
                0x00000d74                MIPI_RFFE_Read
 .text.CALLBACK_USB_GetDescriptor
                0x00000ea0       0x5c Descriptors.o
                0x00000ea0                CALLBACK_USB_GetDescriptor
 .text.Buffer_Initialize
                0x00000efc       0x28 libs/ringbuff/RingBuff.o
                0x00000efc                Buffer_Initialize
 .text.Buffer_StoreElement
                0x00000f24       0x6e libs/ringbuff/RingBuff.o
                0x00000f24                Buffer_StoreElement
 .text.Buffer_GetElement
                0x00000f92       0x4c libs/ringbuff/RingBuff.o
                0x00000f92                Buffer_GetElement
 .text.Scheduler_SetTaskMode
                0x00000fde       0x32 libs//LUFA/Scheduler/Scheduler.o
                0x00000fde                Scheduler_SetTaskMode
 .text.USB_Device_ProcessControlPacket
                0x00001010      0x32a libs//LUFA/Drivers/USB/LowLevel/DevChapter9.o
                0x00001010                USB_Device_ProcessControlPacket
 .text.Endpoint_ConfigureEndpoint_Prv
                0x0000133a       0x26 libs//LUFA/Drivers/USB/LowLevel/Endpoint.o
                0x0000133a                Endpoint_ConfigureEndpoint_Prv
 .text.Endpoint_ClearEndpoints
                0x00001360       0x2e libs//LUFA/Drivers/USB/LowLevel/Endpoint.o
                0x00001360                Endpoint_ClearEndpoints
 .text.Endpoint_Write_Control_Stream_LE
                0x0000138e       0x98 libs//LUFA/Drivers/USB/LowLevel/Endpoint.o
                0x0000138e                Endpoint_Write_Control_Stream_LE
 .text.Endpoint_Read_Control_Stream_LE
                0x00001426       0x46 libs//LUFA/Drivers/USB/LowLevel/Endpoint.o
                0x00001426                Endpoint_Read_Control_Stream_LE
 .text.USB_ResetInterface
                0x0000146c       0x6c libs//LUFA/Drivers/USB/LowLevel/LowLevel.o
                0x0000146c                USB_ResetInterface
 .text.USB_ShutDown
                0x000014d8       0x32 libs//LUFA/Drivers/USB/LowLevel/LowLevel.o
                0x000014d8                USB_ShutDown
 .text.USB_Init
                0x0000150a        0xe libs//LUFA/Drivers/USB/LowLevel/LowLevel.o
                0x0000150a                USB_Init
 .text.USB_Event_Stub
                0x00001518        0x2 libs//LUFA/Drivers/USB/HighLevel/Events.o
                0x00001518                EVENT_USB_Reset
                0x00001518                EVENT_USB_DeviceEnumerationComplete
                0x00001518                USB_Event_Stub
                0x00001518                EVENT_USB_WakeUp
                0x00001518                EVENT_USB_Suspend
 .text.USB_INT_DisableAllInterrupts
                0x0000151a        0x6 libs//LUFA/Drivers/USB/HighLevel/USBInterrupt.o
                0x0000151a                USB_INT_DisableAllInterrupts
 .text.USB_INT_ClearAllInterrupts
                0x00001520        0x6 libs//LUFA/Drivers/USB/HighLevel/USBInterrupt.o
                0x00001520                USB_INT_ClearAllInterrupts
 .text.__vector_11
                0x00001526      0x138 libs//LUFA/Drivers/USB/HighLevel/USBInterrupt.o
                0x00001526                __vector_11
 .text.USB_USBTask
                0x0000165e       0x30 libs//LUFA/Drivers/USB/HighLevel/USBTask.o
                0x0000165e                USB_USBTask
 .text.libgcc   0x0000168e       0x24 c:/winavr-20100110/bin/../lib/gcc/avr/4.3.3/avr35\libgcc.a(_mulhi3.o)
                0x0000168e                __mulhi3
 .text.libgcc   0x000016b2       0x18 c:/winavr-20100110/bin/../lib/gcc/avr/4.3.3/avr35\libgcc.a(_udivmodqi4.o)
                0x000016b2                __udivmodqi4
                0x000016ca                . = ALIGN (0x2)
 *(.fini9)
 .fini9         0x000016ca        0x0 c:/winavr-20100110/bin/../lib/gcc/avr/4.3.3/avr35\libgcc.a(_exit.o)
                0x000016ca                exit
                0x000016ca                _exit
 *(.fini9)
 *(.fini8)
 *(.fini8)
 *(.fini7)
 *(.fini7)
 *(.fini6)
 *(.fini6)
 *(.fini5)
 *(.fini5)
 *(.fini4)
 *(.fini4)
 *(.fini3)
 *(.fini3)
 *(.fini2)
 *(.fini2)
 *(.fini1)
 *(.fini1)
 *(.fini0)
 .fini0         0x000016ca        0x4 c:/winavr-20100110/bin/../lib/gcc/avr/4.3.3/avr35\libgcc.a(_exit.o)
 *(.fini0)
                0x000016ce                _etext = .

.data           0x00800100       0x18 load address 0x000016ce
                0x00800100                PROVIDE (__data_start, .)
 *(.data)
 .data          0x00800100       0x17 zipper.o
                0x0080010c                LineCoding
                0x00800100                Scheduler_TaskList
                0x00800115                LMS_Ctrl_Packet_Rx
                0x00800113                LMS_Ctrl_Packet_Tx
 *(.data*)
 *(.rodata)
 *(.rodata*)
 *(.gnu.linkonce.d*)
                0x00800118                . = ALIGN (0x2)
 *fill*         0x00800117        0x1 00
                0x00800118                _edata = .
                0x00800118                PROVIDE (__data_end, .)

.bss            0x00800118      0x19e
                0x00800118                PROVIDE (__bss_start, .)
 *(.bss)
 *(.bss*)
 *(COMMON)
 COMMON         0x00800118      0x18d zipper.o
                0x00800118                rx_buff
                0x00800158                Tx_Buffer
                0x008001dd                Exp_board_id
                0x008001de                Rx_Buffer
                0x00800263                count
                0x00800264                tx_buff
                0x008002a4                reg_idx
 COMMON         0x008002a5        0x3 libs//LUFA/Scheduler/Scheduler.o
                0x008002a5                Scheduler_TotalTasks
                0x008002a6                Scheduler_TickCounter
 COMMON         0x008002a8        0x3 libs//LUFA/Drivers/USB/LowLevel/DevChapter9.o
                0x008002a8                USB_CurrentlySelfPowered
                0x008002a9                USB_RemoteWakeupEnabled
                0x008002aa                USB_ConfigurationNumber
 COMMON         0x008002ab        0xb libs//LUFA/Drivers/USB/HighLevel/USBTask.o
                0x008002ab                USB_IsInitialized
                0x008002ac                USB_IsConnected
                0x008002ad                USB_ControlRequest
                0x008002b5                USB_IsSuspended
                0x008002b6                PROVIDE (__bss_end, .)
                0x000016ce                __data_load_start = LOADADDR (.data)
                0x000016e6                __data_load_end = (__data_load_start + SIZEOF (.data))

.noinit         0x008002b6        0x0
                0x008002b6                PROVIDE (__noinit_start, .)
 *(.noinit*)
                0x008002b6                PROVIDE (__noinit_end, .)
                0x008002b6                _end = .
                0x008002b6                PROVIDE (__heap_start, .)

.eeprom         0x00810000        0x0
 *(.eeprom*)
                0x00810000                __eeprom_end = .

.fuse
 *(.fuse)
 *(.lfuse)
 *(.hfuse)
 *(.efuse)

.lock
 *(.lock*)

.signature
 *(.signature*)

.stab
 *(.stab)

.stabstr
 *(.stabstr)

.stab.excl
 *(.stab.excl)

.stab.exclstr
 *(.stab.exclstr)

.stab.index
 *(.stab.index)

.stab.indexstr
 *(.stab.indexstr)

.comment
 *(.comment)

.debug
 *(.debug)

.line
 *(.line)

.debug_srcinfo
 *(.debug_srcinfo)

.debug_sfnames
 *(.debug_sfnames)

.debug_aranges  0x00000000      0x310
 *(.debug_aranges)
 .debug_aranges
                0x00000000       0x78 zipper.o
 .debug_aranges
                0x00000078       0x40 libs/i2c/i2csw.o
 .debug_aranges
                0x000000b8       0x30 libs/mipi_rffe/mipi_rffe.o
 .debug_aranges
                0x000000e8       0x20 Descriptors.o
 .debug_aranges
                0x00000108       0x30 libs/ringbuff/RingBuff.o
 .debug_aranges
                0x00000138       0x30 libs//LUFA/Scheduler/Scheduler.o
 .debug_aranges
                0x00000168       0x20 libs//LUFA/Drivers/USB/LowLevel/DevChapter9.o
 .debug_aranges
                0x00000188       0x80 libs//LUFA/Drivers/USB/LowLevel/Endpoint.o
 .debug_aranges
                0x00000208       0x30 libs//LUFA/Drivers/USB/LowLevel/LowLevel.o
 .debug_aranges
                0x00000238       0x20 libs//LUFA/Drivers/USB/HighLevel/Events.o
 .debug_aranges
                0x00000258       0x30 libs//LUFA/Drivers/USB/HighLevel/USBInterrupt.o
 .debug_aranges
                0x00000288       0x20 libs//LUFA/Drivers/USB/HighLevel/USBTask.o
 .debug_aranges
                0x000002a8       0x38 libs//LUFA/Drivers/USB/HighLevel/ConfigDescriptor.o
 .debug_aranges
                0x000002e0       0x30 libs//LUFA/Drivers/USB/Class/HIDParser.o

.debug_pubnames
                0x00000000      0x87c
 *(.debug_pubnames)
 .debug_pubnames
                0x00000000      0x1c6 zipper.o
 .debug_pubnames
                0x000001c6       0x57 libs/i2c/i2csw.o
 .debug_pubnames
                0x0000021d       0x4c libs/mipi_rffe/mipi_rffe.o
 .debug_pubnames
                0x00000269       0x9e Descriptors.o
 .debug_pubnames
                0x00000307       0x56 libs/ringbuff/RingBuff.o
 .debug_pubnames
                0x0000035d       0x9c libs//LUFA/Scheduler/Scheduler.o
 .debug_pubnames
                0x000003f9       0x8b libs//LUFA/Drivers/USB/LowLevel/DevChapter9.o
 .debug_pubnames
                0x00000484      0x1b3 libs//LUFA/Drivers/USB/LowLevel/Endpoint.o
 .debug_pubnames
                0x00000637       0x47 libs//LUFA/Drivers/USB/LowLevel/LowLevel.o
 .debug_pubnames
                0x0000067e       0x25 libs//LUFA/Drivers/USB/HighLevel/Events.o
 .debug_pubnames
                0x000006a3       0x62 libs//LUFA/Drivers/USB/HighLevel/USBInterrupt.o
 .debug_pubnames
                0x00000705       0x77 libs//LUFA/Drivers/USB/HighLevel/USBTask.o
 .debug_pubnames
                0x0000077c       0x9b libs//LUFA/Drivers/USB/HighLevel/ConfigDescriptor.o
 .debug_pubnames
                0x00000817       0x65 libs//LUFA/Drivers/USB/Class/HIDParser.o

.debug_info     0x00000000     0x38fa
 *(.debug_info)
 .debug_info    0x00000000      0x9b0 zipper.o
 .debug_info    0x000009b0      0x1dd libs/i2c/i2csw.o
 .debug_info    0x00000b8d      0x157 libs/mipi_rffe/mipi_rffe.o
 .debug_info    0x00000ce4      0x71a Descriptors.o
 .debug_info    0x000013fe      0x27c libs/ringbuff/RingBuff.o
 .debug_info    0x0000167a      0x2ab libs//LUFA/Scheduler/Scheduler.o
 .debug_info    0x00001925      0x627 libs//LUFA/Drivers/USB/LowLevel/DevChapter9.o
 .debug_info    0x00001f4c      0x898 libs//LUFA/Drivers/USB/LowLevel/Endpoint.o
 .debug_info    0x000027e4        0x0 libs//LUFA/Drivers/USB/LowLevel/Host.o
 .debug_info    0x000027e4        0x0 libs//LUFA/Drivers/USB/LowLevel/HostChapter9.o
 .debug_info    0x000027e4      0x1d1 libs//LUFA/Drivers/USB/LowLevel/LowLevel.o
 .debug_info    0x000029b5        0x0 libs//LUFA/Drivers/USB/LowLevel/Pipe.o
 .debug_info    0x000029b5       0x7d libs//LUFA/Drivers/USB/HighLevel/Events.o
 .debug_info    0x00002a32      0x1c8 libs//LUFA/Drivers/USB/HighLevel/USBInterrupt.o
 .debug_info    0x00002bfa      0x2a7 libs//LUFA/Drivers/USB/HighLevel/USBTask.o
 .debug_info    0x00002ea1      0x4ae libs//LUFA/Drivers/USB/HighLevel/ConfigDescriptor.o
 .debug_info    0x0000334f      0x5ab libs//LUFA/Drivers/USB/Class/HIDParser.o
 *(.gnu.linkonce.wi.*)

.debug_abbrev   0x00000000     0x1356
 *(.debug_abbrev)
 .debug_abbrev  0x00000000      0x304 zipper.o
 .debug_abbrev  0x00000304       0xc3 libs/i2c/i2csw.o
 .debug_abbrev  0x000003c7       0xc5 libs/mipi_rffe/mipi_rffe.o
 .debug_abbrev  0x0000048c      0x16b Descriptors.o
 .debug_abbrev  0x000005f7      0x14c libs/ringbuff/RingBuff.o
 .debug_abbrev  0x00000743      0x179 libs//LUFA/Scheduler/Scheduler.o
 .debug_abbrev  0x000008bc      0x1cb libs//LUFA/Drivers/USB/LowLevel/DevChapter9.o
 .debug_abbrev  0x00000a87      0x23a libs//LUFA/Drivers/USB/LowLevel/Endpoint.o
 .debug_abbrev  0x00000cc1        0x1 libs//LUFA/Drivers/USB/LowLevel/Host.o
 .debug_abbrev  0x00000cc2        0x1 libs//LUFA/Drivers/USB/LowLevel/HostChapter9.o
 .debug_abbrev  0x00000cc3       0xd8 libs//LUFA/Drivers/USB/LowLevel/LowLevel.o
 .debug_abbrev  0x00000d9b        0x1 libs//LUFA/Drivers/USB/LowLevel/Pipe.o
 .debug_abbrev  0x00000d9c       0x41 libs//LUFA/Drivers/USB/HighLevel/Events.o
 .debug_abbrev  0x00000ddd       0xdd libs//LUFA/Drivers/USB/HighLevel/USBInterrupt.o
 .debug_abbrev  0x00000eba      0x13e libs//LUFA/Drivers/USB/HighLevel/USBTask.o
 .debug_abbrev  0x00000ff8      0x1cd libs//LUFA/Drivers/USB/HighLevel/ConfigDescriptor.o
 .debug_abbrev  0x000011c5      0x191 libs//LUFA/Drivers/USB/Class/HIDParser.o

.debug_line     0x00000000     0x3465
 *(.debug_line)
 .debug_line    0x00000000      0xac8 zipper.o
 .debug_line    0x00000ac8      0x286 libs/i2c/i2csw.o
 .debug_line    0x00000d4e      0x4aa libs/mipi_rffe/mipi_rffe.o
 .debug_line    0x000011f8      0x172 Descriptors.o
 .debug_line    0x0000136a      0x23a libs/ringbuff/RingBuff.o
 .debug_line    0x000015a4      0x1e5 libs//LUFA/Scheduler/Scheduler.o
 .debug_line    0x00001789      0x4ac libs//LUFA/Drivers/USB/LowLevel/DevChapter9.o
 .debug_line    0x00001c35      0x741 libs//LUFA/Drivers/USB/LowLevel/Endpoint.o
 .debug_line    0x00002376       0x24 libs//LUFA/Drivers/USB/LowLevel/Host.o
 .debug_line    0x0000239a       0x24 libs//LUFA/Drivers/USB/LowLevel/HostChapter9.o
 .debug_line    0x000023be      0x2a2 libs//LUFA/Drivers/USB/LowLevel/LowLevel.o
 .debug_line    0x00002660       0x24 libs//LUFA/Drivers/USB/LowLevel/Pipe.o
 .debug_line    0x00002684       0x85 libs//LUFA/Drivers/USB/HighLevel/Events.o
 .debug_line    0x00002709      0x383 libs//LUFA/Drivers/USB/HighLevel/USBInterrupt.o
 .debug_line    0x00002a8c      0x223 libs//LUFA/Drivers/USB/HighLevel/USBTask.o
 .debug_line    0x00002caf      0x340 libs//LUFA/Drivers/USB/HighLevel/ConfigDescriptor.o
 .debug_line    0x00002fef      0x476 libs//LUFA/Drivers/USB/Class/HIDParser.o

.debug_frame    0x00000000      0x460
 *(.debug_frame)
 .debug_frame   0x00000000       0xd0 zipper.o
 .debug_frame   0x000000d0       0x60 libs/i2c/i2csw.o
 .debug_frame   0x00000130       0x40 libs/mipi_rffe/mipi_rffe.o
 .debug_frame   0x00000170       0x20 Descriptors.o
 .debug_frame   0x00000190       0x40 libs/ringbuff/RingBuff.o
 .debug_frame   0x000001d0       0x40 libs//LUFA/Scheduler/Scheduler.o
 .debug_frame   0x00000210       0x20 libs//LUFA/Drivers/USB/LowLevel/DevChapter9.o
 .debug_frame   0x00000230       0xe0 libs//LUFA/Drivers/USB/LowLevel/Endpoint.o
 .debug_frame   0x00000310       0x40 libs//LUFA/Drivers/USB/LowLevel/LowLevel.o
 .debug_frame   0x00000350       0x20 libs//LUFA/Drivers/USB/HighLevel/Events.o
 .debug_frame   0x00000370       0x40 libs//LUFA/Drivers/USB/HighLevel/USBInterrupt.o
 .debug_frame   0x000003b0       0x20 libs//LUFA/Drivers/USB/HighLevel/USBTask.o
 .debug_frame   0x000003d0       0x50 libs//LUFA/Drivers/USB/HighLevel/ConfigDescriptor.o
 .debug_frame   0x00000420       0x40 libs//LUFA/Drivers/USB/Class/HIDParser.o

.debug_str      0x00000000     0x1a45
 *(.debug_str)
 .debug_str     0x00000000      0x622 zipper.o
                                0x693 (size before relaxing)
 .debug_str     0x00000622       0x82 libs/i2c/i2csw.o
                                 0xfa (size before relaxing)
 .debug_str     0x000006a4       0x6d libs/mipi_rffe/mipi_rffe.o
                                0x115 (size before relaxing)
 .debug_str     0x00000711      0x490 Descriptors.o
                                0x621 (size before relaxing)
 .debug_str     0x00000ba1       0x83 libs/ringbuff/RingBuff.o
                                0x15a (size before relaxing)
 .debug_str     0x00000c24       0xa5 libs//LUFA/Scheduler/Scheduler.o
                                0x20f (size before relaxing)
 .debug_str     0x00000cc9      0x293 libs//LUFA/Drivers/USB/LowLevel/DevChapter9.o
                                0x472 (size before relaxing)
 .debug_str     0x00000f5c      0x3c5 libs//LUFA/Drivers/USB/LowLevel/Endpoint.o
                                0x5e1 (size before relaxing)
 .debug_str     0x00001321       0x76 libs//LUFA/Drivers/USB/LowLevel/LowLevel.o
                                0x20c (size before relaxing)
 .debug_str     0x00001397       0x39 libs//LUFA/Drivers/USB/HighLevel/Events.o
                                 0xd6 (size before relaxing)
 .debug_str     0x000013d0       0x74 libs//LUFA/Drivers/USB/HighLevel/USBInterrupt.o
                                0x218 (size before relaxing)
 .debug_str     0x00001444       0x53 libs//LUFA/Drivers/USB/HighLevel/USBTask.o
                                0x23b (size before relaxing)
 .debug_str     0x00001497      0x20b libs//LUFA/Drivers/USB/HighLevel/ConfigDescriptor.o
                                0x360 (size before relaxing)
 .debug_str     0x000016a2      0x3a3 libs//LUFA/Drivers/USB/Class/HIDParser.o
                                0x4b7 (size before relaxing)

.debug_loc      0x00000000     0x16b1
 *(.debug_loc)
 .debug_loc     0x00000000      0x1fe zipper.o
 .debug_loc     0x000001fe      0x194 libs/i2c/i2csw.o
 .debug_loc     0x00000392      0x110 libs/mipi_rffe/mipi_rffe.o
 .debug_loc     0x000004a2      0x160 Descriptors.o
 .debug_loc     0x00000602       0x78 libs/ringbuff/RingBuff.o
 .debug_loc     0x0000067a       0xe1 libs//LUFA/Scheduler/Scheduler.o
 .debug_loc     0x0000075b      0x2ba libs//LUFA/Drivers/USB/LowLevel/DevChapter9.o
 .debug_loc     0x00000a15      0x68f libs//LUFA/Drivers/USB/LowLevel/Endpoint.o
 .debug_loc     0x000010a4       0x13 libs//LUFA/Drivers/USB/LowLevel/LowLevel.o
 .debug_loc     0x000010b7      0x26f libs//LUFA/Drivers/USB/HighLevel/ConfigDescriptor.o
 .debug_loc     0x00001326      0x38b libs//LUFA/Drivers/USB/Class/HIDParser.o

.debug_macinfo
 *(.debug_macinfo)
OUTPUT(zipper.elf elf32-avr)
LOAD linker stubs

.debug_ranges   0x00000000      0x308
 .debug_ranges  0x00000000       0x70 zipper.o
 .debug_ranges  0x00000070       0x38 libs/i2c/i2csw.o
 .debug_ranges  0x000000a8       0x28 libs/mipi_rffe/mipi_rffe.o
 .debug_ranges  0x000000d0       0x18 Descriptors.o
 .debug_ranges  0x000000e8       0x28 libs/ringbuff/RingBuff.o
 .debug_ranges  0x00000110       0x28 libs//LUFA/Scheduler/Scheduler.o
 .debug_ranges  0x00000138       0x30 libs//LUFA/Drivers/USB/LowLevel/DevChapter9.o
 .debug_ranges  0x00000168       0x78 libs//LUFA/Drivers/USB/LowLevel/Endpoint.o
 .debug_ranges  0x000001e0       0x28 libs//LUFA/Drivers/USB/LowLevel/LowLevel.o
 .debug_ranges  0x00000208       0x18 libs//LUFA/Drivers/USB/HighLevel/Events.o
 .debug_ranges  0x00000220       0x28 libs//LUFA/Drivers/USB/HighLevel/USBInterrupt.o
 .debug_ranges  0x00000248       0x18 libs//LUFA/Drivers/USB/HighLevel/USBTask.o
 .debug_ranges  0x00000260       0x30 libs//LUFA/Drivers/USB/HighLevel/ConfigDescriptor.o
 .debug_ranges  0x00000290       0x78 libs//LUFA/Drivers/USB/Class/HIDParser.o

Cross Reference Table

Symbol                                            File
Buffer_GetElement                                 libs/ringbuff/RingBuff.o
                                                  zipper.o
Buffer_Initialize                                 libs/ringbuff/RingBuff.o
                                                  zipper.o
Buffer_StoreElement                               libs/ringbuff/RingBuff.o
                                                  zipper.o
CALLBACK_USB_GetDescriptor                        Descriptors.o
                                                  libs//LUFA/Drivers/USB/LowLevel/DevChapter9.o
CDC_Task                                          zipper.o
Check_many_blocks                                 zipper.o
ConfigurationDescriptor                           Descriptors.o
Delay_us                                          zipper.o
DeviceDescriptor                                  Descriptors.o
EVENT_USB_ConfigurationChanged                    zipper.o
                                                  libs//LUFA/Drivers/USB/LowLevel/DevChapter9.o
EVENT_USB_Connect                                 zipper.o
                                                  libs//LUFA/Drivers/USB/HighLevel/USBInterrupt.o
EVENT_USB_DeviceEnumerationComplete               libs//LUFA/Drivers/USB/HighLevel/Events.o
                                                  libs//LUFA/Drivers/USB/LowLevel/DevChapter9.o
EVENT_USB_Disconnect                              zipper.o
                                                  libs//LUFA/Drivers/USB/HighLevel/USBInterrupt.o
                                                  libs//LUFA/Drivers/USB/LowLevel/LowLevel.o
EVENT_USB_Reset                                   libs//LUFA/Drivers/USB/HighLevel/Events.o
                                                  libs//LUFA/Drivers/USB/HighLevel/USBInterrupt.o
EVENT_USB_Suspend                                 libs//LUFA/Drivers/USB/HighLevel/Events.o
                                                  libs//LUFA/Drivers/USB/HighLevel/USBInterrupt.o
EVENT_USB_UnhandledControlPacket                  zipper.o
                                                  libs//LUFA/Drivers/USB/LowLevel/DevChapter9.o
EVENT_USB_WakeUp                                  libs//LUFA/Drivers/USB/HighLevel/Events.o
                                                  libs//LUFA/Drivers/USB/HighLevel/USBInterrupt.o
Endpoint_BytesToEPSizeMaskDynamic                 libs//LUFA/Drivers/USB/LowLevel/Endpoint.o
Endpoint_ClearEndpoints                           libs//LUFA/Drivers/USB/LowLevel/Endpoint.o
                                                  libs//LUFA/Drivers/USB/HighLevel/USBInterrupt.o
Endpoint_ConfigureEndpoint_Prv                    libs//LUFA/Drivers/USB/LowLevel/Endpoint.o
                                                  libs//LUFA/Drivers/USB/HighLevel/USBInterrupt.o
                                                  zipper.o
Endpoint_Discard_Stream                           libs//LUFA/Drivers/USB/LowLevel/Endpoint.o
Endpoint_Read_Control_Stream_BE                   libs//LUFA/Drivers/USB/LowLevel/Endpoint.o
Endpoint_Read_Control_Stream_LE                   libs//LUFA/Drivers/USB/LowLevel/Endpoint.o
                                                  zipper.o
Endpoint_Read_Stream_BE                           libs//LUFA/Drivers/USB/LowLevel/Endpoint.o
Endpoint_Read_Stream_LE                           libs//LUFA/Drivers/USB/LowLevel/Endpoint.o
Endpoint_WaitUntilReady                           libs//LUFA/Drivers/USB/LowLevel/Endpoint.o
Endpoint_Write_Control_Stream_BE                  libs//LUFA/Drivers/USB/LowLevel/Endpoint.o
Endpoint_Write_Control_Stream_LE                  libs//LUFA/Drivers/USB/LowLevel/Endpoint.o
                                                  zipper.o
Endpoint_Write_Stream_BE                          libs//LUFA/Drivers/USB/LowLevel/Endpoint.o
Endpoint_Write_Stream_LE                          libs//LUFA/Drivers/USB/LowLevel/Endpoint.o
Exp_board_detection                               zipper.o
Exp_board_id                                      zipper.o
LMS_Ctrl_Packet_Rx                                zipper.o
LMS_Ctrl_Packet_Tx                                zipper.o
LanguageString                                    Descriptors.o
LineCoding                                        zipper.o
MIPI_RFFE_Init                                    libs/mipi_rffe/mipi_rffe.o
                                                  zipper.o
MIPI_RFFE_Read                                    libs/mipi_rffe/mipi_rffe.o
                                                  zipper.o
MIPI_RFFE_Write                                   libs/mipi_rffe/mipi_rffe.o
                                                  zipper.o
Main_Task                                         zipper.o
ManufacturerString                                Descriptors.o
ProductString                                     Descriptors.o
Reconfigure_SPI_for_LMS                           zipper.o
Rx_Buffer                                         zipper.o
Scheduler_HasDelayElapsed                         libs//LUFA/Scheduler/Scheduler.o
Scheduler_SetGroupTaskMode                        libs//LUFA/Scheduler/Scheduler.o
Scheduler_SetTaskMode                             libs//LUFA/Scheduler/Scheduler.o
                                                  zipper.o
Scheduler_TaskList                                zipper.o
                                                  libs//LUFA/Scheduler/Scheduler.o
Scheduler_TickCounter                             libs//LUFA/Scheduler/Scheduler.o
Scheduler_TotalTasks                              libs//LUFA/Scheduler/Scheduler.o
                                                  zipper.o
Search_reg_idx                                    zipper.o
Tx_Buffer                                         zipper.o
USB_ConfigurationNumber                           libs//LUFA/Drivers/USB/HighLevel/USBInterrupt.o
                                                  libs//LUFA/Drivers/USB/LowLevel/LowLevel.o
                                                  libs//LUFA/Drivers/USB/LowLevel/DevChapter9.o
USB_ControlRequest                                libs//LUFA/Drivers/USB/HighLevel/USBTask.o
                                                  libs//LUFA/Drivers/USB/LowLevel/Endpoint.o
                                                  libs//LUFA/Drivers/USB/LowLevel/DevChapter9.o
                                                  zipper.o
USB_CurrentlySelfPowered                          libs//LUFA/Drivers/USB/LowLevel/LowLevel.o
                                                  libs//LUFA/Drivers/USB/LowLevel/DevChapter9.o
USB_Device_ProcessControlPacket                   libs//LUFA/Drivers/USB/LowLevel/DevChapter9.o
                                                  libs//LUFA/Drivers/USB/HighLevel/USBTask.o
USB_Event_Stub                                    libs//LUFA/Drivers/USB/HighLevel/Events.o
USB_GetHIDReportItemInfo                          libs//LUFA/Drivers/USB/Class/HIDParser.o
USB_GetNextDescriptorComp                         libs//LUFA/Drivers/USB/HighLevel/ConfigDescriptor.o
USB_GetNextDescriptorOfType                       libs//LUFA/Drivers/USB/HighLevel/ConfigDescriptor.o
USB_GetNextDescriptorOfTypeAfter                  libs//LUFA/Drivers/USB/HighLevel/ConfigDescriptor.o
USB_GetNextDescriptorOfTypeBefore                 libs//LUFA/Drivers/USB/HighLevel/ConfigDescriptor.o
USB_INT_ClearAllInterrupts                        libs//LUFA/Drivers/USB/HighLevel/USBInterrupt.o
                                                  libs//LUFA/Drivers/USB/LowLevel/LowLevel.o
USB_INT_DisableAllInterrupts                      libs//LUFA/Drivers/USB/HighLevel/USBInterrupt.o
                                                  libs//LUFA/Drivers/USB/LowLevel/LowLevel.o
USB_Init                                          libs//LUFA/Drivers/USB/LowLevel/LowLevel.o
                                                  zipper.o
USB_IsConnected                                   libs//LUFA/Drivers/USB/HighLevel/USBTask.o
                                                  libs//LUFA/Drivers/USB/HighLevel/USBInterrupt.o
                                                  libs//LUFA/Drivers/USB/LowLevel/LowLevel.o
                                                  libs//LUFA/Drivers/USB/LowLevel/Endpoint.o
                                                  zipper.o
USB_IsInitialized                                 libs//LUFA/Drivers/USB/HighLevel/USBTask.o
                                                  libs//LUFA/Drivers/USB/LowLevel/LowLevel.o
USB_IsSuspended                                   libs//LUFA/Drivers/USB/HighLevel/USBTask.o
                                                  libs//LUFA/Drivers/USB/HighLevel/USBInterrupt.o
                                                  libs//LUFA/Drivers/USB/LowLevel/LowLevel.o
USB_ProcessHIDReport                              libs//LUFA/Drivers/USB/Class/HIDParser.o
USB_RemoteWakeupEnabled                           libs//LUFA/Drivers/USB/LowLevel/LowLevel.o
                                                  libs//LUFA/Drivers/USB/LowLevel/DevChapter9.o
USB_ResetInterface                                libs//LUFA/Drivers/USB/LowLevel/LowLevel.o
USB_SetHIDReportItemInfo                          libs//LUFA/Drivers/USB/Class/HIDParser.o
USB_ShutDown                                      libs//LUFA/Drivers/USB/LowLevel/LowLevel.o
USB_USBTask                                       libs//LUFA/Drivers/USB/HighLevel/USBTask.o
                                                  zipper.o
__bad_interrupt                                   c:/winavr-20100110/bin/../lib/gcc/avr/4.3.3/../../../../avr/lib/avr35/crtusb162.o
__bss_end                                         c:/winavr-20100110/bin/../lib/gcc/avr/4.3.3/avr35\libgcc.a(_clear_bss.o)
__bss_start                                       c:/winavr-20100110/bin/../lib/gcc/avr/4.3.3/avr35\libgcc.a(_clear_bss.o)
__data_end                                        c:/winavr-20100110/bin/../lib/gcc/avr/4.3.3/avr35\libgcc.a(_copy_data.o)
__data_load_start                                 c:/winavr-20100110/bin/../lib/gcc/avr/4.3.3/avr35\libgcc.a(_copy_data.o)
__data_start                                      c:/winavr-20100110/bin/../lib/gcc/avr/4.3.3/avr35\libgcc.a(_copy_data.o)
__do_clear_bss                                    c:/winavr-20100110/bin/../lib/gcc/avr/4.3.3/avr35\libgcc.a(_clear_bss.o)
                                                  libs//LUFA/Drivers/USB/HighLevel/USBTask.o
                                                  libs//LUFA/Drivers/USB/LowLevel/DevChapter9.o
                                                  libs//LUFA/Scheduler/Scheduler.o
                                                  zipper.o
__do_copy_data                                    c:/winavr-20100110/bin/../lib/gcc/avr/4.3.3/avr35\libgcc.a(_copy_data.o)
                                                  zipper.o
__heap_end                                        c:/winavr-20100110/bin/../lib/gcc/avr/4.3.3/../../../../avr/lib/avr35/crtusb162.o
__init                                            c:/winavr-20100110/bin/../lib/gcc/avr/4.3.3/../../../../avr/lib/avr35/crtusb162.o
__mulhi3                                          c:/winavr-20100110/bin/../lib/gcc/avr/4.3.3/avr35\libgcc.a(_mulhi3.o)
                                                  libs//LUFA/Drivers/USB/Class/HIDParser.o
                                                  zipper.o
__stack                                           c:/winavr-20100110/bin/../lib/gcc/avr/4.3.3/../../../../avr/lib/avr35/crtusb162.o
__udivmodqi4                                      c:/winavr-20100110/bin/../lib/gcc/avr/4.3.3/avr35\libgcc.a(_udivmodqi4.o)
                                                  zipper.o
__vector_1                                        c:/winavr-20100110/bin/../lib/gcc/avr/4.3.3/../../../../avr/lib/avr35/crtusb162.o
__vector_10                                       c:/winavr-20100110/bin/../lib/gcc/avr/4.3.3/../../../../avr/lib/avr35/crtusb162.o
__vector_11                                       libs//LUFA/Drivers/USB/HighLevel/USBInterrupt.o
                                                  c:/winavr-20100110/bin/../lib/gcc/avr/4.3.3/../../../../avr/lib/avr35/crtusb162.o
__vector_12                                       c:/winavr-20100110/bin/../lib/gcc/avr/4.3.3/../../../../avr/lib/avr35/crtusb162.o
__vector_13                                       c:/winavr-20100110/bin/../lib/gcc/avr/4.3.3/../../../../avr/lib/avr35/crtusb162.o
__vector_14                                       c:/winavr-20100110/bin/../lib/gcc/avr/4.3.3/../../../../avr/lib/avr35/crtusb162.o
__vector_15                                       c:/winavr-20100110/bin/../lib/gcc/avr/4.3.3/../../../../avr/lib/avr35/crtusb162.o
__vector_16                                       c:/winavr-20100110/bin/../lib/gcc/avr/4.3.3/../../../../avr/lib/avr35/crtusb162.o
__vector_17                                       c:/winavr-20100110/bin/../lib/gcc/avr/4.3.3/../../../../avr/lib/avr35/crtusb162.o
__vector_18                                       c:/winavr-20100110/bin/../lib/gcc/avr/4.3.3/../../../../avr/lib/avr35/crtusb162.o
__vector_19                                       c:/winavr-20100110/bin/../lib/gcc/avr/4.3.3/../../../../avr/lib/avr35/crtusb162.o
__vector_2                                        c:/winavr-20100110/bin/../lib/gcc/avr/4.3.3/../../../../avr/lib/avr35/crtusb162.o
__vector_20                                       c:/winavr-20100110/bin/../lib/gcc/avr/4.3.3/../../../../avr/lib/avr35/crtusb162.o
__vector_21                                       c:/winavr-20100110/bin/../lib/gcc/avr/4.3.3/../../../../avr/lib/avr35/crtusb162.o
__vector_22                                       c:/winavr-20100110/bin/../lib/gcc/avr/4.3.3/../../../../avr/lib/avr35/crtusb162.o
__vector_23                                       c:/winavr-20100110/bin/../lib/gcc/avr/4.3.3/../../../../avr/lib/avr35/crtusb162.o
__vector_24                                       c:/winavr-20100110/bin/../lib/gcc/avr/4.3.3/../../../../avr/lib/avr35/crtusb162.o
__vector_25                                       c:/winavr-20100110/bin/../lib/gcc/avr/4.3.3/../../../../avr/lib/avr35/crtusb162.o
__vector_26                                       c:/winavr-20100110/bin/../lib/gcc/avr/4.3.3/../../../../avr/lib/avr35/crtusb162.o
__vector_27                                       c:/winavr-20100110/bin/../lib/gcc/avr/4.3.3/../../../../avr/lib/avr35/crtusb162.o
__vector_28                                       c:/winavr-20100110/bin/../lib/gcc/avr/4.3.3/../../../../avr/lib/avr35/crtusb162.o
__vector_3                                        c:/winavr-20100110/bin/../lib/gcc/avr/4.3.3/../../../../avr/lib/avr35/crtusb162.o
__vector_4                                        c:/winavr-20100110/bin/../lib/gcc/avr/4.3.3/../../../../avr/lib/avr35/crtusb162.o
__vector_5                                        c:/winavr-20100110/bin/../lib/gcc/avr/4.3.3/../../../../avr/lib/avr35/crtusb162.o
__vector_6                                        c:/winavr-20100110/bin/../lib/gcc/avr/4.3.3/../../../../avr/lib/avr35/crtusb162.o
__vector_7                                        c:/winavr-20100110/bin/../lib/gcc/avr/4.3.3/../../../../avr/lib/avr35/crtusb162.o
__vector_8                                        c:/winavr-20100110/bin/../lib/gcc/avr/4.3.3/../../../../avr/lib/avr35/crtusb162.o
__vector_9                                        c:/winavr-20100110/bin/../lib/gcc/avr/4.3.3/../../../../avr/lib/avr35/crtusb162.o
__vector_default                                  c:/winavr-20100110/bin/../lib/gcc/avr/4.3.3/../../../../avr/lib/avr35/crtusb162.o
__vectors                                         c:/winavr-20100110/bin/../lib/gcc/avr/4.3.3/../../../../avr/lib/avr35/crtusb162.o
_exit                                             c:/winavr-20100110/bin/../lib/gcc/avr/4.3.3/avr35\libgcc.a(_exit.o)
count                                             zipper.o
exit                                              c:/winavr-20100110/bin/../lib/gcc/avr/4.3.3/avr35\libgcc.a(_exit.o)
                                                  c:/winavr-20100110/bin/../lib/gcc/avr/4.3.3/../../../../avr/lib/avr35/crtusb162.o
i2cGetbyte                                        libs/i2c/i2csw.o
i2cInit                                           libs/i2c/i2csw.o
                                                  zipper.o
i2cPutbyte                                        libs/i2c/i2csw.o
i2cReceive                                        libs/i2c/i2csw.o
                                                  zipper.o
i2cSend                                           libs/i2c/i2csw.o
                                                  zipper.o
main                                              zipper.o
                                                  c:/winavr-20100110/bin/../lib/gcc/avr/4.3.3/../../../../avr/lib/avr35/crtusb162.o
reg_idx                                           zipper.o
rx_buff                                           zipper.o
tx_buff                                           zipper.o
