   1               		.file	"i2csw.c"
   2               	__SREG__ = 0x3f
   3               	__SP_H__ = 0x3e
   4               	__SP_L__ = 0x3d
   5               	__CCP__  = 0x34
   6               	__tmp_reg__ = 0
   7               	__zero_reg__ = 1
  15               	.Ltext0:
  16               		.section	.text.i2cPutbyte,"ax",@progbits
  17               	.global	i2cPutbyte
  19               	i2cPutbyte:
  20               	.LFB2:
  21               	.LSM0:
  22               	.LVL0:
  23               	/* prologue: function */
  24               	/* frame size = 0 */
  25               	.LSM1:
  26 0000 27E0      		ldi r18,lo8(7)
  27 0002 30E0      		ldi r19,hi8(7)
  28               	.LVL1:
  29               	.LSM2:
  30 0004 482F      		mov r20,r24
  31 0006 50E0      		ldi r21,lo8(0)
  32               	.LVL2:
  33               	.L4:
  34 0008 CA01      		movw r24,r20
  35 000a 022E      		mov r0,r18
  36 000c 00C0      		rjmp 2f
  37 000e 9595      	1:	asr r25
  38 0010 8795      		ror r24
  39 0012 0A94      	2:	dec r0
  40 0014 02F4      		brpl 1b
  41 0016 80FF      		sbrs r24,0
  42 0018 00C0      		rjmp .L2
  43               	.LSM3:
  44 001a 599A      		sbi 43-32,1
  45 001c 00C0      		rjmp .L3
  46               	.L2:
  47               	.LSM4:
  48 001e 5998      		cbi 43-32,1
  49               	.L3:
  50               	.LSM5:
  51               	/* #APP */
  52               	 ;  77 "libs/i2c/i2csw.c" 1
  53 0020 0000      		nop
  54               	 ;  0 "" 2
  55               	 ;  77 "libs/i2c/i2csw.c" 1
  56 0022 0000      		nop
  57               	 ;  0 "" 2
  58               	 ;  77 "libs/i2c/i2csw.c" 1
  59 0024 0000      		nop
  60               	 ;  0 "" 2
  61               	 ;  77 "libs/i2c/i2csw.c" 1
  62 0026 0000      		nop
  63               	 ;  0 "" 2
  64               	 ;  77 "libs/i2c/i2csw.c" 1
  65 0028 0000      		nop
  66               	 ;  0 "" 2
  67               	 ;  77 "libs/i2c/i2csw.c" 1
  68 002a 0000      		nop
  69               	 ;  0 "" 2
  70               	 ;  77 "libs/i2c/i2csw.c" 1
  71 002c 0000      		nop
  72               	 ;  0 "" 2
  73               	 ;  77 "libs/i2c/i2csw.c" 1
  74 002e 0000      		nop
  75               	 ;  0 "" 2
  76               	 ;  77 "libs/i2c/i2csw.c" 1
  77 0030 0000      		nop
  78               	 ;  0 "" 2
  79               	 ;  77 "libs/i2c/i2csw.c" 1
  80 0032 0000      		nop
  81               	 ;  0 "" 2
  82               	/* #NOAPP */
  83 0034 589A      		sbi 43-32,0
  84               	/* #APP */
  85               	 ;  77 "libs/i2c/i2csw.c" 1
  86 0036 0000      		nop
  87               	 ;  0 "" 2
  88               	 ;  77 "libs/i2c/i2csw.c" 1
  89 0038 0000      		nop
  90               	 ;  0 "" 2
  91               	 ;  77 "libs/i2c/i2csw.c" 1
  92 003a 0000      		nop
  93               	 ;  0 "" 2
  94               	 ;  77 "libs/i2c/i2csw.c" 1
  95 003c 0000      		nop
  96               	 ;  0 "" 2
  97               	 ;  77 "libs/i2c/i2csw.c" 1
  98 003e 0000      		nop
  99               	 ;  0 "" 2
 100               	 ;  77 "libs/i2c/i2csw.c" 1
 101 0040 0000      		nop
 102               	 ;  0 "" 2
 103               	 ;  77 "libs/i2c/i2csw.c" 1
 104 0042 0000      		nop
 105               	 ;  0 "" 2
 106               	 ;  77 "libs/i2c/i2csw.c" 1
 107 0044 0000      		nop
 108               	 ;  0 "" 2
 109               	 ;  77 "libs/i2c/i2csw.c" 1
 110 0046 0000      		nop
 111               	 ;  0 "" 2
 112               	 ;  77 "libs/i2c/i2csw.c" 1
 113 0048 0000      		nop
 114               	 ;  0 "" 2
 115               	/* #NOAPP */
 116 004a 5898      		cbi 43-32,0
 117               	.LSM6:
 118 004c 2150      		subi r18,lo8(-(-1))
 119 004e 3040      		sbci r19,hi8(-(-1))
 120 0050 8FEF      		ldi r24,hi8(-1)
 121 0052 2F3F      		cpi r18,lo8(-1)
 122 0054 3807      		cpc r19,r24
 123 0056 01F4      		brne .L4
 124               	.LSM7:
 125 0058 599A      		sbi 43-32,1
 126               	.LSM8:
 127 005a 5198      		cbi 42-32,1
 128               	.LSM9:
 129               	/* #APP */
 130               	 ;  83 "libs/i2c/i2csw.c" 1
 131 005c 0000      		nop
 132               	 ;  0 "" 2
 133               	 ;  83 "libs/i2c/i2csw.c" 1
 134 005e 0000      		nop
 135               	 ;  0 "" 2
 136               	 ;  83 "libs/i2c/i2csw.c" 1
 137 0060 0000      		nop
 138               	 ;  0 "" 2
 139               	 ;  83 "libs/i2c/i2csw.c" 1
 140 0062 0000      		nop
 141               	 ;  0 "" 2
 142               	 ;  83 "libs/i2c/i2csw.c" 1
 143 0064 0000      		nop
 144               	 ;  0 "" 2
 145               	 ;  83 "libs/i2c/i2csw.c" 1
 146 0066 0000      		nop
 147               	 ;  0 "" 2
 148               	 ;  83 "libs/i2c/i2csw.c" 1
 149 0068 0000      		nop
 150               	 ;  0 "" 2
 151               	 ;  83 "libs/i2c/i2csw.c" 1
 152 006a 0000      		nop
 153               	 ;  0 "" 2
 154               	 ;  83 "libs/i2c/i2csw.c" 1
 155 006c 0000      		nop
 156               	 ;  0 "" 2
 157               	 ;  83 "libs/i2c/i2csw.c" 1
 158 006e 0000      		nop
 159               	 ;  0 "" 2
 160               	.LSM10:
 161               	/* #NOAPP */
 162 0070 589A      		sbi 43-32,0
 163               	.LSM11:
 164 0072 29B1      		in r18,41-32
 165               	.LVL3:
 166               	.LSM12:
 167               	/* #APP */
 168               	 ;  87 "libs/i2c/i2csw.c" 1
 169 0074 0000      		nop
 170               	 ;  0 "" 2
 171               	 ;  87 "libs/i2c/i2csw.c" 1
 172 0076 0000      		nop
 173               	 ;  0 "" 2
 174               	 ;  87 "libs/i2c/i2csw.c" 1
 175 0078 0000      		nop
 176               	 ;  0 "" 2
 177               	 ;  87 "libs/i2c/i2csw.c" 1
 178 007a 0000      		nop
 179               	 ;  0 "" 2
 180               	 ;  87 "libs/i2c/i2csw.c" 1
 181 007c 0000      		nop
 182               	 ;  0 "" 2
 183               	 ;  87 "libs/i2c/i2csw.c" 1
 184 007e 0000      		nop
 185               	 ;  0 "" 2
 186               	 ;  87 "libs/i2c/i2csw.c" 1
 187 0080 0000      		nop
 188               	 ;  0 "" 2
 189               	 ;  87 "libs/i2c/i2csw.c" 1
 190 0082 0000      		nop
 191               	 ;  0 "" 2
 192               	 ;  87 "libs/i2c/i2csw.c" 1
 193 0084 0000      		nop
 194               	 ;  0 "" 2
 195               	 ;  87 "libs/i2c/i2csw.c" 1
 196 0086 0000      		nop
 197               	 ;  0 "" 2
 198               	.LSM13:
 199               	/* #NOAPP */
 200 0088 5898      		cbi 43-32,0
 201               	.LSM14:
 202 008a 519A      		sbi 42-32,1
 203               	.LSM15:
 204               	/* #APP */
 205               	 ;  90 "libs/i2c/i2csw.c" 1
 206 008c 0000      		nop
 207               	 ;  0 "" 2
 208               	 ;  90 "libs/i2c/i2csw.c" 1
 209 008e 0000      		nop
 210               	 ;  0 "" 2
 211               	 ;  90 "libs/i2c/i2csw.c" 1
 212 0090 0000      		nop
 213               	 ;  0 "" 2
 214               	 ;  90 "libs/i2c/i2csw.c" 1
 215 0092 0000      		nop
 216               	 ;  0 "" 2
 217               	 ;  90 "libs/i2c/i2csw.c" 1
 218 0094 0000      		nop
 219               	 ;  0 "" 2
 220               	 ;  90 "libs/i2c/i2csw.c" 1
 221 0096 0000      		nop
 222               	 ;  0 "" 2
 223               	 ;  90 "libs/i2c/i2csw.c" 1
 224 0098 0000      		nop
 225               	 ;  0 "" 2
 226               	 ;  90 "libs/i2c/i2csw.c" 1
 227 009a 0000      		nop
 228               	 ;  0 "" 2
 229               	 ;  90 "libs/i2c/i2csw.c" 1
 230 009c 0000      		nop
 231               	 ;  0 "" 2
 232               	 ;  90 "libs/i2c/i2csw.c" 1
 233 009e 0000      		nop
 234               	 ;  0 "" 2
 235               	/* #NOAPP */
 236 00a0 2695      		lsr r18
 237 00a2 81E0      		ldi r24,lo8(1)
 238 00a4 2827      		eor r18,r24
 239 00a6 30E0      		ldi r19,lo8(0)
 240 00a8 2170      		andi r18,lo8(1)
 241 00aa 3070      		andi r19,hi8(1)
 242               	.LSM16:
 243 00ac C901      		movw r24,r18
 244               	/* epilogue start */
 245 00ae 0895      		ret
 246               	.LFE2:
 248               		.section	.text.i2cGetbyte,"ax",@progbits
 249               	.global	i2cGetbyte
 251               	i2cGetbyte:
 252               	.LFB3:
 253               	.LSM17:
 254               	.LVL4:
 255               	/* prologue: function */
 256               	/* frame size = 0 */
 257               	.LSM18:
 258 0000 599A      		sbi 43-32,1
 259               	.LSM19:
 260 0002 5198      		cbi 42-32,1
 261 0004 27E0      		ldi r18,lo8(7)
 262 0006 30E0      		ldi r19,hi8(7)
 263               	.LVL5:
 264 0008 40E0      		ldi r20,lo8(0)
 265               	.LVL6:
 266               	.L9:
 267               	.LSM20:
 268               	/* #APP */
 269               	 ;  105 "libs/i2c/i2csw.c" 1
 270 000a 0000      		nop
 271               	 ;  0 "" 2
 272               	 ;  105 "libs/i2c/i2csw.c" 1
 273 000c 0000      		nop
 274               	 ;  0 "" 2
 275               	 ;  105 "libs/i2c/i2csw.c" 1
 276 000e 0000      		nop
 277               	 ;  0 "" 2
 278               	 ;  105 "libs/i2c/i2csw.c" 1
 279 0010 0000      		nop
 280               	 ;  0 "" 2
 281               	 ;  105 "libs/i2c/i2csw.c" 1
 282 0012 0000      		nop
 283               	 ;  0 "" 2
 284               	 ;  105 "libs/i2c/i2csw.c" 1
 285 0014 0000      		nop
 286               	 ;  0 "" 2
 287               	 ;  105 "libs/i2c/i2csw.c" 1
 288 0016 0000      		nop
 289               	 ;  0 "" 2
 290               	 ;  105 "libs/i2c/i2csw.c" 1
 291 0018 0000      		nop
 292               	 ;  0 "" 2
 293               	 ;  105 "libs/i2c/i2csw.c" 1
 294 001a 0000      		nop
 295               	 ;  0 "" 2
 296               	 ;  105 "libs/i2c/i2csw.c" 1
 297 001c 0000      		nop
 298               	 ;  0 "" 2
 299               	.LSM21:
 300               	/* #NOAPP */
 301 001e 589A      		sbi 43-32,0
 302               	.LSM22:
 303 0020 440F      		lsl r20
 304               	.LSM23:
 305 0022 4999      		sbic 41-32,1
 306 0024 4160      		ori r20,lo8(1)
 307               	.L8:
 308               	.LSM24:
 309               	/* #APP */
 310               	 ;  110 "libs/i2c/i2csw.c" 1
 311 0026 0000      		nop
 312               	 ;  0 "" 2
 313               	 ;  110 "libs/i2c/i2csw.c" 1
 314 0028 0000      		nop
 315               	 ;  0 "" 2
 316               	 ;  110 "libs/i2c/i2csw.c" 1
 317 002a 0000      		nop
 318               	 ;  0 "" 2
 319               	 ;  110 "libs/i2c/i2csw.c" 1
 320 002c 0000      		nop
 321               	 ;  0 "" 2
 322               	 ;  110 "libs/i2c/i2csw.c" 1
 323 002e 0000      		nop
 324               	 ;  0 "" 2
 325               	 ;  110 "libs/i2c/i2csw.c" 1
 326 0030 0000      		nop
 327               	 ;  0 "" 2
 328               	 ;  110 "libs/i2c/i2csw.c" 1
 329 0032 0000      		nop
 330               	 ;  0 "" 2
 331               	 ;  110 "libs/i2c/i2csw.c" 1
 332 0034 0000      		nop
 333               	 ;  0 "" 2
 334               	 ;  110 "libs/i2c/i2csw.c" 1
 335 0036 0000      		nop
 336               	 ;  0 "" 2
 337               	 ;  110 "libs/i2c/i2csw.c" 1
 338 0038 0000      		nop
 339               	 ;  0 "" 2
 340               	.LSM25:
 341               	/* #NOAPP */
 342 003a 5898      		cbi 43-32,0
 343               	.LSM26:
 344 003c 2150      		subi r18,lo8(-(-1))
 345 003e 3040      		sbci r19,hi8(-(-1))
 346 0040 5FEF      		ldi r21,hi8(-1)
 347 0042 2F3F      		cpi r18,lo8(-1)
 348 0044 3507      		cpc r19,r21
 349 0046 01F4      		brne .L9
 350               	.LSM27:
 351 0048 519A      		sbi 42-32,1
 352               	.LSM28:
 353 004a 892B      		or r24,r25
 354 004c 01F0      		breq .L10
 355               	.LSM29:
 356 004e 599A      		sbi 43-32,1
 357 0050 00C0      		rjmp .L11
 358               	.L10:
 359               	.LSM30:
 360 0052 5998      		cbi 43-32,1
 361               	.L11:
 362               	.LSM31:
 363               	/* #APP */
 364               	 ;  121 "libs/i2c/i2csw.c" 1
 365 0054 0000      		nop
 366               	 ;  0 "" 2
 367               	 ;  121 "libs/i2c/i2csw.c" 1
 368 0056 0000      		nop
 369               	 ;  0 "" 2
 370               	 ;  121 "libs/i2c/i2csw.c" 1
 371 0058 0000      		nop
 372               	 ;  0 "" 2
 373               	 ;  121 "libs/i2c/i2csw.c" 1
 374 005a 0000      		nop
 375               	 ;  0 "" 2
 376               	 ;  121 "libs/i2c/i2csw.c" 1
 377 005c 0000      		nop
 378               	 ;  0 "" 2
 379               	 ;  121 "libs/i2c/i2csw.c" 1
 380 005e 0000      		nop
 381               	 ;  0 "" 2
 382               	 ;  121 "libs/i2c/i2csw.c" 1
 383 0060 0000      		nop
 384               	 ;  0 "" 2
 385               	 ;  121 "libs/i2c/i2csw.c" 1
 386 0062 0000      		nop
 387               	 ;  0 "" 2
 388               	 ;  121 "libs/i2c/i2csw.c" 1
 389 0064 0000      		nop
 390               	 ;  0 "" 2
 391               	 ;  121 "libs/i2c/i2csw.c" 1
 392 0066 0000      		nop
 393               	 ;  0 "" 2
 394               	/* #NOAPP */
 395 0068 589A      		sbi 43-32,0
 396               	/* #APP */
 397               	 ;  121 "libs/i2c/i2csw.c" 1
 398 006a 0000      		nop
 399               	 ;  0 "" 2
 400               	 ;  121 "libs/i2c/i2csw.c" 1
 401 006c 0000      		nop
 402               	 ;  0 "" 2
 403               	 ;  121 "libs/i2c/i2csw.c" 1
 404 006e 0000      		nop
 405               	 ;  0 "" 2
 406               	 ;  121 "libs/i2c/i2csw.c" 1
 407 0070 0000      		nop
 408               	 ;  0 "" 2
 409               	 ;  121 "libs/i2c/i2csw.c" 1
 410 0072 0000      		nop
 411               	 ;  0 "" 2
 412               	 ;  121 "libs/i2c/i2csw.c" 1
 413 0074 0000      		nop
 414               	 ;  0 "" 2
 415               	 ;  121 "libs/i2c/i2csw.c" 1
 416 0076 0000      		nop
 417               	 ;  0 "" 2
 418               	 ;  121 "libs/i2c/i2csw.c" 1
 419 0078 0000      		nop
 420               	 ;  0 "" 2
 421               	 ;  121 "libs/i2c/i2csw.c" 1
 422 007a 0000      		nop
 423               	 ;  0 "" 2
 424               	 ;  121 "libs/i2c/i2csw.c" 1
 425 007c 0000      		nop
 426               	 ;  0 "" 2
 427               	/* #NOAPP */
 428 007e 5898      		cbi 43-32,0
 429               	.LSM32:
 430 0080 599A      		sbi 43-32,1
 431               	.LSM33:
 432 0082 842F      		mov r24,r20
 433               	.LVL7:
 434               	/* epilogue start */
 435 0084 0895      		ret
 436               	.LFE3:
 438               		.section	.text.i2cInit,"ax",@progbits
 439               	.global	i2cInit
 441               	i2cInit:
 442               	.LFB4:
 443               	.LSM34:
 444               	/* prologue: function */
 445               	/* frame size = 0 */
 446               	.LSM35:
 447 0000 519A      		sbi 42-32,1
 448               	.LSM36:
 449 0002 509A      		sbi 42-32,0
 450               	.LSM37:
 451 0004 599A      		sbi 43-32,1
 452               	.LSM38:
 453 0006 589A      		sbi 43-32,0
 454               	/* epilogue start */
 455               	.LSM39:
 456 0008 0895      		ret
 457               	.LFE4:
 459               		.section	.text.i2cSend,"ax",@progbits
 460               	.global	i2cSend
 462               	i2cSend:
 463               	.LFB5:
 464               	.LSM40:
 465               	.LVL8:
 466 0000 FF92      		push r15
 467 0002 0F93      		push r16
 468 0004 1F93      		push r17
 469 0006 CF93      		push r28
 470 0008 DF93      		push r29
 471               	/* prologue: function */
 472               	/* frame size = 0 */
 473 000a 162F      		mov r17,r22
 474 000c 042F      		mov r16,r20
 475 000e E901      		movw r28,r18
 476               	.LSM41:
 477 0010 5998      		cbi 43-32,1
 478               	/* #APP */
 479               	 ;  145 "libs/i2c/i2csw.c" 1
 480 0012 0000      		nop
 481               	 ;  0 "" 2
 482               	 ;  145 "libs/i2c/i2csw.c" 1
 483 0014 0000      		nop
 484               	 ;  0 "" 2
 485               	 ;  145 "libs/i2c/i2csw.c" 1
 486 0016 0000      		nop
 487               	 ;  0 "" 2
 488               	 ;  145 "libs/i2c/i2csw.c" 1
 489 0018 0000      		nop
 490               	 ;  0 "" 2
 491               	 ;  145 "libs/i2c/i2csw.c" 1
 492 001a 0000      		nop
 493               	 ;  0 "" 2
 494               	/* #NOAPP */
 495 001c 5898      		cbi 43-32,0
 496               	.LSM42:
 497 001e 0E94 0000 		call i2cPutbyte
 498               	.LVL9:
 499 0022 F82E      		mov r15,r24
 500               	.LSM43:
 501 0024 812F      		mov r24,r17
 502 0026 0E94 0000 		call i2cPutbyte
 503 002a 00C0      		rjmp .L17
 504               	.L18:
 505               	.LSM44:
 506 002c 8991      		ld r24,Y+
 507 002e 0E94 0000 		call i2cPutbyte
 508 0032 0150      		subi r16,lo8(-(-1))
 509               	.L17:
 510               	.LSM45:
 511 0034 0023      		tst r16
 512 0036 01F4      		brne .L18
 513               	.LSM46:
 514 0038 5998      		cbi 43-32,1
 515               	.LSM47:
 516               	/* #APP */
 517               	 ;  154 "libs/i2c/i2csw.c" 1
 518 003a 0000      		nop
 519               	 ;  0 "" 2
 520               	 ;  154 "libs/i2c/i2csw.c" 1
 521 003c 0000      		nop
 522               	 ;  0 "" 2
 523               	 ;  154 "libs/i2c/i2csw.c" 1
 524 003e 0000      		nop
 525               	 ;  0 "" 2
 526               	 ;  154 "libs/i2c/i2csw.c" 1
 527 0040 0000      		nop
 528               	 ;  0 "" 2
 529               	 ;  154 "libs/i2c/i2csw.c" 1
 530 0042 0000      		nop
 531               	 ;  0 "" 2
 532               	 ;  154 "libs/i2c/i2csw.c" 1
 533 0044 0000      		nop
 534               	 ;  0 "" 2
 535               	 ;  154 "libs/i2c/i2csw.c" 1
 536 0046 0000      		nop
 537               	 ;  0 "" 2
 538               	 ;  154 "libs/i2c/i2csw.c" 1
 539 0048 0000      		nop
 540               	 ;  0 "" 2
 541               	 ;  154 "libs/i2c/i2csw.c" 1
 542 004a 0000      		nop
 543               	 ;  0 "" 2
 544               	 ;  154 "libs/i2c/i2csw.c" 1
 545 004c 0000      		nop
 546               	 ;  0 "" 2
 547               	/* #NOAPP */
 548 004e 589A      		sbi 43-32,0
 549               	/* #APP */
 550               	 ;  154 "libs/i2c/i2csw.c" 1
 551 0050 0000      		nop
 552               	 ;  0 "" 2
 553               	 ;  154 "libs/i2c/i2csw.c" 1
 554 0052 0000      		nop
 555               	 ;  0 "" 2
 556               	 ;  154 "libs/i2c/i2csw.c" 1
 557 0054 0000      		nop
 558               	 ;  0 "" 2
 559               	 ;  154 "libs/i2c/i2csw.c" 1
 560 0056 0000      		nop
 561               	 ;  0 "" 2
 562               	 ;  154 "libs/i2c/i2csw.c" 1
 563 0058 0000      		nop
 564               	 ;  0 "" 2
 565               	/* #NOAPP */
 566 005a 599A      		sbi 43-32,1
 567               	/* #APP */
 568               	 ;  154 "libs/i2c/i2csw.c" 1
 569 005c 0000      		nop
 570               	 ;  0 "" 2
 571               	 ;  154 "libs/i2c/i2csw.c" 1
 572 005e 0000      		nop
 573               	 ;  0 "" 2
 574               	 ;  154 "libs/i2c/i2csw.c" 1
 575 0060 0000      		nop
 576               	 ;  0 "" 2
 577               	 ;  154 "libs/i2c/i2csw.c" 1
 578 0062 0000      		nop
 579               	 ;  0 "" 2
 580               	 ;  154 "libs/i2c/i2csw.c" 1
 581 0064 0000      		nop
 582               	 ;  0 "" 2
 583               	 ;  154 "libs/i2c/i2csw.c" 1
 584 0066 0000      		nop
 585               	 ;  0 "" 2
 586               	 ;  154 "libs/i2c/i2csw.c" 1
 587 0068 0000      		nop
 588               	 ;  0 "" 2
 589               	 ;  154 "libs/i2c/i2csw.c" 1
 590 006a 0000      		nop
 591               	 ;  0 "" 2
 592               	 ;  154 "libs/i2c/i2csw.c" 1
 593 006c 0000      		nop
 594               	 ;  0 "" 2
 595               	 ;  154 "libs/i2c/i2csw.c" 1
 596 006e 0000      		nop
 597               	 ;  0 "" 2
 598               	.LSM48:
 599               	/* #NOAPP */
 600 0070 8F2D      		mov r24,r15
 601               	/* epilogue start */
 602 0072 DF91      		pop r29
 603 0074 CF91      		pop r28
 604               	.LVL10:
 605 0076 1F91      		pop r17
 606               	.LVL11:
 607 0078 0F91      		pop r16
 608               	.LVL12:
 609 007a FF90      		pop r15
 610 007c 0895      		ret
 611               	.LFE5:
 613               		.section	.text.i2cReceive,"ax",@progbits
 614               	.global	i2cReceive
 616               	i2cReceive:
 617               	.LFB6:
 618               	.LSM49:
 619               	.LVL13:
 620 0000 BF92      		push r11
 621 0002 CF92      		push r12
 622 0004 DF92      		push r13
 623 0006 EF92      		push r14
 624 0008 FF92      		push r15
 625 000a 0F93      		push r16
 626 000c 1F93      		push r17
 627 000e CF93      		push r28
 628 0010 DF93      		push r29
 629               	/* prologue: function */
 630               	/* frame size = 0 */
 631 0012 082F      		mov r16,r24
 632 0014 162F      		mov r17,r22
 633 0016 D42E      		mov r13,r20
 634 0018 F22E      		mov r15,r18
 635 001a E32E      		mov r14,r19
 636               	.LVL14:
 637               	.LSM50:
 638 001c 5998      		cbi 43-32,1
 639               	/* #APP */
 640               	 ;  165 "libs/i2c/i2csw.c" 1
 641 001e 0000      		nop
 642               	 ;  0 "" 2
 643               	 ;  165 "libs/i2c/i2csw.c" 1
 644 0020 0000      		nop
 645               	 ;  0 "" 2
 646               	 ;  165 "libs/i2c/i2csw.c" 1
 647 0022 0000      		nop
 648               	 ;  0 "" 2
 649               	 ;  165 "libs/i2c/i2csw.c" 1
 650 0024 0000      		nop
 651               	 ;  0 "" 2
 652               	 ;  165 "libs/i2c/i2csw.c" 1
 653 0026 0000      		nop
 654               	 ;  0 "" 2
 655               	/* #NOAPP */
 656 0028 5898      		cbi 43-32,0
 657               	.LSM51:
 658 002a 0E94 0000 		call i2cPutbyte
 659               	.LVL15:
 660 002e B82E      		mov r11,r24
 661               	.LSM52:
 662 0030 812F      		mov r24,r17
 663 0032 0E94 0000 		call i2cPutbyte
 664               	.LSM53:
 665               	/* #APP */
 666               	 ;  168 "libs/i2c/i2csw.c" 1
 667 0036 0000      		nop
 668               	 ;  0 "" 2
 669               	 ;  168 "libs/i2c/i2csw.c" 1
 670 0038 0000      		nop
 671               	 ;  0 "" 2
 672               	 ;  168 "libs/i2c/i2csw.c" 1
 673 003a 0000      		nop
 674               	 ;  0 "" 2
 675               	 ;  168 "libs/i2c/i2csw.c" 1
 676 003c 0000      		nop
 677               	 ;  0 "" 2
 678               	 ;  168 "libs/i2c/i2csw.c" 1
 679 003e 0000      		nop
 680               	 ;  0 "" 2
 681               	 ;  168 "libs/i2c/i2csw.c" 1
 682 0040 0000      		nop
 683               	 ;  0 "" 2
 684               	 ;  168 "libs/i2c/i2csw.c" 1
 685 0042 0000      		nop
 686               	 ;  0 "" 2
 687               	 ;  168 "libs/i2c/i2csw.c" 1
 688 0044 0000      		nop
 689               	 ;  0 "" 2
 690               	 ;  168 "libs/i2c/i2csw.c" 1
 691 0046 0000      		nop
 692               	 ;  0 "" 2
 693               	 ;  168 "libs/i2c/i2csw.c" 1
 694 0048 0000      		nop
 695               	 ;  0 "" 2
 696               	.LSM54:
 697               	/* #NOAPP */
 698 004a 589A      		sbi 43-32,0
 699               	.LSM55:
 700 004c 5998      		cbi 43-32,1
 701               	/* #APP */
 702               	 ;  170 "libs/i2c/i2csw.c" 1
 703 004e 0000      		nop
 704               	 ;  0 "" 2
 705               	 ;  170 "libs/i2c/i2csw.c" 1
 706 0050 0000      		nop
 707               	 ;  0 "" 2
 708               	 ;  170 "libs/i2c/i2csw.c" 1
 709 0052 0000      		nop
 710               	 ;  0 "" 2
 711               	 ;  170 "libs/i2c/i2csw.c" 1
 712 0054 0000      		nop
 713               	 ;  0 "" 2
 714               	 ;  170 "libs/i2c/i2csw.c" 1
 715 0056 0000      		nop
 716               	 ;  0 "" 2
 717               	/* #NOAPP */
 718 0058 5898      		cbi 43-32,0
 719               	.LSM56:
 720 005a 802F      		mov r24,r16
 721 005c 8160      		ori r24,lo8(1)
 722 005e 0E94 0000 		call i2cPutbyte
 723 0062 2F2D      		mov r18,r15
 724               	.LVL16:
 725 0064 3E2D      		mov r19,r14
 726               	.LVL17:
 727 0066 C901      		movw r24,r18
 728               	.LVL18:
 729 0068 EC01      		movw r28,r24
 730               	.LVL19:
 731 006a 00E0      		ldi r16,lo8(0)
 732 006c 10E0      		ldi r17,hi8(0)
 733               	.LVL20:
 734               	.LSM57:
 735 006e ED2C      		mov r14,r13
 736               	.LVL21:
 737 0070 FF24      		clr r15
 738               	.LVL22:
 739               	.LSM58:
 740 0072 6701      		movw r12,r14
 741 0074 0894      		sec
 742 0076 C11C      		adc r12,__zero_reg__
 743 0078 D11C      		adc r13,__zero_reg__
 744 007a 00C0      		rjmp .L21
 745               	.LVL23:
 746               	.L23:
 747               	.LSM59:
 748 007c 80E0      		ldi r24,lo8(0)
 749 007e 90E0      		ldi r25,hi8(0)
 750 0080 E016      		cp r14,r16
 751 0082 F106      		cpc r15,r17
 752 0084 01F4      		brne .L22
 753 0086 81E0      		ldi r24,lo8(1)
 754 0088 90E0      		ldi r25,hi8(1)
 755               	.L22:
 756 008a 0E94 0000 		call i2cGetbyte
 757               	.LVL24:
 758 008e 8993      		st Y+,r24
 759               	.LVL25:
 760               	.L21:
 761 0090 0F5F      		subi r16,lo8(-(1))
 762 0092 1F4F      		sbci r17,hi8(-(1))
 763               	.LSM60:
 764 0094 0C15      		cp r16,r12
 765 0096 1D05      		cpc r17,r13
 766 0098 01F4      		brne .L23
 767               	.LSM61:
 768 009a 5998      		cbi 43-32,1
 769               	.LSM62:
 770               	/* #APP */
 771               	 ;  179 "libs/i2c/i2csw.c" 1
 772 009c 0000      		nop
 773               	 ;  0 "" 2
 774               	 ;  179 "libs/i2c/i2csw.c" 1
 775 009e 0000      		nop
 776               	 ;  0 "" 2
 777               	 ;  179 "libs/i2c/i2csw.c" 1
 778 00a0 0000      		nop
 779               	 ;  0 "" 2
 780               	 ;  179 "libs/i2c/i2csw.c" 1
 781 00a2 0000      		nop
 782               	 ;  0 "" 2
 783               	 ;  179 "libs/i2c/i2csw.c" 1
 784 00a4 0000      		nop
 785               	 ;  0 "" 2
 786               	 ;  179 "libs/i2c/i2csw.c" 1
 787 00a6 0000      		nop
 788               	 ;  0 "" 2
 789               	 ;  179 "libs/i2c/i2csw.c" 1
 790 00a8 0000      		nop
 791               	 ;  0 "" 2
 792               	 ;  179 "libs/i2c/i2csw.c" 1
 793 00aa 0000      		nop
 794               	 ;  0 "" 2
 795               	 ;  179 "libs/i2c/i2csw.c" 1
 796 00ac 0000      		nop
 797               	 ;  0 "" 2
 798               	 ;  179 "libs/i2c/i2csw.c" 1
 799 00ae 0000      		nop
 800               	 ;  0 "" 2
 801               	/* #NOAPP */
 802 00b0 589A      		sbi 43-32,0
 803               	/* #APP */
 804               	 ;  179 "libs/i2c/i2csw.c" 1
 805 00b2 0000      		nop
 806               	 ;  0 "" 2
 807               	 ;  179 "libs/i2c/i2csw.c" 1
 808 00b4 0000      		nop
 809               	 ;  0 "" 2
 810               	 ;  179 "libs/i2c/i2csw.c" 1
 811 00b6 0000      		nop
 812               	 ;  0 "" 2
 813               	 ;  179 "libs/i2c/i2csw.c" 1
 814 00b8 0000      		nop
 815               	 ;  0 "" 2
 816               	 ;  179 "libs/i2c/i2csw.c" 1
 817 00ba 0000      		nop
 818               	 ;  0 "" 2
 819               	/* #NOAPP */
 820 00bc 599A      		sbi 43-32,1
 821               	/* #APP */
 822               	 ;  179 "libs/i2c/i2csw.c" 1
 823 00be 0000      		nop
 824               	 ;  0 "" 2
 825               	 ;  179 "libs/i2c/i2csw.c" 1
 826 00c0 0000      		nop
 827               	 ;  0 "" 2
 828               	 ;  179 "libs/i2c/i2csw.c" 1
 829 00c2 0000      		nop
 830               	 ;  0 "" 2
 831               	 ;  179 "libs/i2c/i2csw.c" 1
 832 00c4 0000      		nop
 833               	 ;  0 "" 2
 834               	 ;  179 "libs/i2c/i2csw.c" 1
 835 00c6 0000      		nop
 836               	 ;  0 "" 2
 837               	 ;  179 "libs/i2c/i2csw.c" 1
 838 00c8 0000      		nop
 839               	 ;  0 "" 2
 840               	 ;  179 "libs/i2c/i2csw.c" 1
 841 00ca 0000      		nop
 842               	 ;  0 "" 2
 843               	 ;  179 "libs/i2c/i2csw.c" 1
 844 00cc 0000      		nop
 845               	 ;  0 "" 2
 846               	 ;  179 "libs/i2c/i2csw.c" 1
 847 00ce 0000      		nop
 848               	 ;  0 "" 2
 849               	 ;  179 "libs/i2c/i2csw.c" 1
 850 00d0 0000      		nop
 851               	 ;  0 "" 2
 852               	.LSM63:
 853               	/* #NOAPP */
 854 00d2 8B2D      		mov r24,r11
 855               	/* epilogue start */
 856 00d4 DF91      		pop r29
 857 00d6 CF91      		pop r28
 858               	.LVL26:
 859 00d8 1F91      		pop r17
 860               	.LVL27:
 861 00da 0F91      		pop r16
 862 00dc FF90      		pop r15
 863 00de EF90      		pop r14
 864 00e0 DF90      		pop r13
 865               	.LVL28:
 866 00e2 CF90      		pop r12
 867 00e4 BF90      		pop r11
 868 00e6 0895      		ret
 869               	.LFE6:
 927               	.Letext0:
DEFINED SYMBOLS
                            *ABS*:00000000 i2csw.c
C:\DOCUME~1\Dovydas\LOCALS~1\Temp/ccVUMljn.s:2      *ABS*:0000003f __SREG__
C:\DOCUME~1\Dovydas\LOCALS~1\Temp/ccVUMljn.s:3      *ABS*:0000003e __SP_H__
C:\DOCUME~1\Dovydas\LOCALS~1\Temp/ccVUMljn.s:4      *ABS*:0000003d __SP_L__
C:\DOCUME~1\Dovydas\LOCALS~1\Temp/ccVUMljn.s:5      *ABS*:00000034 __CCP__
C:\DOCUME~1\Dovydas\LOCALS~1\Temp/ccVUMljn.s:6      *ABS*:00000000 __tmp_reg__
C:\DOCUME~1\Dovydas\LOCALS~1\Temp/ccVUMljn.s:7      *ABS*:00000001 __zero_reg__
C:\DOCUME~1\Dovydas\LOCALS~1\Temp/ccVUMljn.s:19     .text.i2cPutbyte:00000000 i2cPutbyte
C:\DOCUME~1\Dovydas\LOCALS~1\Temp/ccVUMljn.s:251    .text.i2cGetbyte:00000000 i2cGetbyte
C:\DOCUME~1\Dovydas\LOCALS~1\Temp/ccVUMljn.s:441    .text.i2cInit:00000000 i2cInit
C:\DOCUME~1\Dovydas\LOCALS~1\Temp/ccVUMljn.s:462    .text.i2cSend:00000000 i2cSend
C:\DOCUME~1\Dovydas\LOCALS~1\Temp/ccVUMljn.s:616    .text.i2cReceive:00000000 i2cReceive

NO UNDEFINED SYMBOLS
