   1               		.file	"Serial.c"
   2               	__SREG__ = 0x3f
   3               	__SP_H__ = 0x3e
   4               	__SP_L__ = 0x3d
   5               	__CCP__  = 0x34
   6               	__tmp_reg__ = 0
   7               	__zero_reg__ = 1
  15               	.Ltext0:
  16               		.section	.text.Serial_TxString_P,"ax",@progbits
  17               	.global	Serial_TxString_P
  19               	Serial_TxString_P:
  20               	.LFB10:
  21               	.LSM0:
  22               	.LVL0:
  23               	/* prologue: function */
  24               	/* frame size = 0 */
  25 0000 FC01      		movw r30,r24
  26 0002 00C0      		rjmp .L2
  27               	.LVL1:
  28               	.L5:
  29               	.LBB7:
  30               	.LBB8:
  31               	.LSM1:
  32 0004 8091 C800 		lds r24,200
  33 0008 85FF      		sbrs r24,5
  34 000a 00C0      		rjmp .L5
  35               	.LSM2:
  36 000c 9093 CE00 		sts 206,r25
  37               	.LBE8:
  38               	.LBE7:
  39               	.LSM3:
  40 0010 3196      		adiw r30,1
  41               	.LVL2:
  42               	.L2:
  43               	.LBB9:
  44               	.LSM4:
  45               	/* #APP */
  46               	 ;  37 "../../../LUFA/Drivers/Peripheral/Serial.c" 1
  47 0012 9491      		lpm r25, Z
  48               		
  49               	 ;  0 "" 2
  50               	/* #NOAPP */
  51               	.LBE9:
  52 0014 9923      		tst r25
  53 0016 01F4      		brne .L5
  54               	/* epilogue start */
  55               	.LSM5:
  56 0018 0895      		ret
  57               	.LFE10:
  59               		.section	.text.Serial_TxString,"ax",@progbits
  60               	.global	Serial_TxString
  62               	Serial_TxString:
  63               	.LFB11:
  64               	.LSM6:
  65               	.LVL3:
  66               	/* prologue: function */
  67               	/* frame size = 0 */
  68 0000 FC01      		movw r30,r24
  69 0002 00C0      		rjmp .L8
  70               	.LVL4:
  71               	.L11:
  72               	.LBB10:
  73               	.LBB11:
  74               	.LSM7:
  75 0004 8091 C800 		lds r24,200
  76 0008 85FF      		sbrs r24,5
  77 000a 00C0      		rjmp .L11
  78               	.LSM8:
  79 000c 9093 CE00 		sts 206,r25
  80               	.LBE11:
  81               	.LBE10:
  82               	.LSM9:
  83 0010 3196      		adiw r30,1
  84               	.LVL5:
  85               	.L8:
  86               	.LSM10:
  87 0012 9081      		ld r25,Z
  88 0014 9923      		tst r25
  89 0016 01F4      		brne .L11
  90               	/* epilogue start */
  91               	.LSM11:
  92 0018 0895      		ret
  93               	.LFE11:
 127               	.Letext0:
DEFINED SYMBOLS
                            *ABS*:00000000 Serial.c
C:\DOCUME~1\Dovydas\LOCALS~1\Temp/cc2VLmtr.s:2      *ABS*:0000003f __SREG__
C:\DOCUME~1\Dovydas\LOCALS~1\Temp/cc2VLmtr.s:3      *ABS*:0000003e __SP_H__
C:\DOCUME~1\Dovydas\LOCALS~1\Temp/cc2VLmtr.s:4      *ABS*:0000003d __SP_L__
C:\DOCUME~1\Dovydas\LOCALS~1\Temp/cc2VLmtr.s:5      *ABS*:00000034 __CCP__
C:\DOCUME~1\Dovydas\LOCALS~1\Temp/cc2VLmtr.s:6      *ABS*:00000000 __tmp_reg__
C:\DOCUME~1\Dovydas\LOCALS~1\Temp/cc2VLmtr.s:7      *ABS*:00000001 __zero_reg__
C:\DOCUME~1\Dovydas\LOCALS~1\Temp/cc2VLmtr.s:19     .text.Serial_TxString_P:00000000 Serial_TxString_P
C:\DOCUME~1\Dovydas\LOCALS~1\Temp/cc2VLmtr.s:62     .text.Serial_TxString:00000000 Serial_TxString

NO UNDEFINED SYMBOLS
