   1               		.file	"ConfigDescriptor.c"
   2               	__SREG__ = 0x3f
   3               	__SP_H__ = 0x3e
   4               	__SP_L__ = 0x3d
   5               	__CCP__  = 0x34
   6               	__tmp_reg__ = 0
   7               	__zero_reg__ = 1
  15               	.Ltext0:
  16               		.section	.text.USB_GetNextDescriptorOfType,"ax",@progbits
  17               	.global	USB_GetNextDescriptorOfType
  19               	USB_GetNextDescriptorOfType:
  20               	.LFB30:
  21               	.LSM0:
  22               	.LVL0:
  23 0000 CF93      		push r28
  24 0002 DF93      		push r29
  25               	/* prologue: function */
  26               	/* frame size = 0 */
  27 0004 EC01      		movw r28,r24
  28 0006 DB01      		movw r26,r22
  29 0008 00C0      		rjmp .L2
  30               	.LVL1:
  31               	.L4:
  32               	.LBB17:
  33               	.LBB18:
  34               	.LSM1:
  35 000a ED91      		ld r30,X+
  36 000c FC91      		ld r31,X
  37 000e 1197      		sbiw r26,1
  38 0010 8081      		ld r24,Z
  39 0012 90E0      		ldi r25,lo8(0)
  40               	.LSM2:
  41 0014 E80F      		add r30,r24
  42 0016 F91F      		adc r31,r25
  43               	.LVL2:
  44 0018 1196      		adiw r26,1
  45 001a FC93      		st X,r31
  46 001c EE93      		st -X,r30
  47               	.LSM3:
  48 001e 281B      		sub r18,r24
  49 0020 390B      		sbc r19,r25
  50 0022 3983      		std Y+1,r19
  51 0024 2883      		st Y,r18
  52               	.LBE18:
  53               	.LBE17:
  54               	.LSM4:
  55 0026 8181      		ldd r24,Z+1
  56               	.LVL3:
  57 0028 8417      		cp r24,r20
  58 002a 01F0      		breq .L5
  59               	.LVL4:
  60               	.L2:
  61               	.LSM5:
  62 002c 2881      		ld r18,Y
  63 002e 3981      		ldd r19,Y+1
  64 0030 2115      		cp r18,__zero_reg__
  65 0032 3105      		cpc r19,__zero_reg__
  66 0034 01F4      		brne .L4
  67               	.L5:
  68               	/* epilogue start */
  69               	.LSM6:
  70 0036 DF91      		pop r29
  71 0038 CF91      		pop r28
  72               	.LVL5:
  73 003a 0895      		ret
  74               	.LFE30:
  76               		.section	.text.USB_GetNextDescriptorOfTypeBefore,"ax",@progbits
  77               	.global	USB_GetNextDescriptorOfTypeBefore
  79               	USB_GetNextDescriptorOfTypeBefore:
  80               	.LFB31:
  81               	.LSM7:
  82               	.LVL6:
  83 0000 CF93      		push r28
  84 0002 DF93      		push r29
  85               	/* prologue: function */
  86               	/* frame size = 0 */
  87 0004 DC01      		movw r26,r24
  88 0006 EB01      		movw r28,r22
  89 0008 00C0      		rjmp .L7
  90               	.LVL7:
  91               	.L9:
  92               	.LBB19:
  93               	.LBB20:
  94               	.LSM8:
  95 000a E881      		ld r30,Y
  96 000c F981      		ldd r31,Y+1
  97 000e 8081      		ld r24,Z
  98 0010 90E0      		ldi r25,lo8(0)
  99               	.LSM9:
 100 0012 E80F      		add r30,r24
 101 0014 F91F      		adc r31,r25
 102               	.LVL8:
 103 0016 F983      		std Y+1,r31
 104 0018 E883      		st Y,r30
 105               	.LSM10:
 106 001a 681B      		sub r22,r24
 107 001c 790B      		sbc r23,r25
 108 001e 1196      		adiw r26,1
 109 0020 7C93      		st X,r23
 110 0022 6E93      		st -X,r22
 111               	.LBE20:
 112               	.LBE19:
 113               	.LSM11:
 114 0024 8181      		ldd r24,Z+1
 115               	.LVL9:
 116 0026 8417      		cp r24,r20
 117 0028 01F0      		breq .L10
 118               	.LSM12:
 119 002a 8217      		cp r24,r18
 120 002c 01F4      		brne .L7
 121               	.LSM13:
 122 002e 1D92      		st X+,__zero_reg__
 123 0030 1C92      		st X,__zero_reg__
 124 0032 00C0      		rjmp .L10
 125               	.LVL10:
 126               	.L7:
 127               	.LSM14:
 128 0034 6D91      		ld r22,X+
 129 0036 7C91      		ld r23,X
 130 0038 1197      		sbiw r26,1
 131 003a 6115      		cp r22,__zero_reg__
 132 003c 7105      		cpc r23,__zero_reg__
 133 003e 01F4      		brne .L9
 134               	.L10:
 135               	/* epilogue start */
 136               	.LSM15:
 137 0040 DF91      		pop r29
 138 0042 CF91      		pop r28
 139               	.LVL11:
 140 0044 0895      		ret
 141               	.LFE31:
 143               		.section	.text.USB_GetNextDescriptorOfTypeAfter,"ax",@progbits
 144               	.global	USB_GetNextDescriptorOfTypeAfter
 146               	USB_GetNextDescriptorOfTypeAfter:
 147               	.LFB32:
 148               	.LSM16:
 149               	.LVL12:
 150 0000 CF93      		push r28
 151 0002 DF93      		push r29
 152               	/* prologue: function */
 153               	/* frame size = 0 */
 154 0004 DC01      		movw r26,r24
 155 0006 EB01      		movw r28,r22
 156 0008 00C0      		rjmp .L13
 157               	.LVL13:
 158               	.L15:
 159               	.LBB21:
 160               	.LBB22:
 161               	.LBB23:
 162               	.LBB24:
 163               	.LSM17:
 164 000a E881      		ld r30,Y
 165 000c F981      		ldd r31,Y+1
 166 000e 8081      		ld r24,Z
 167 0010 90E0      		ldi r25,lo8(0)
 168               	.LSM18:
 169 0012 E80F      		add r30,r24
 170 0014 F91F      		adc r31,r25
 171               	.LVL14:
 172 0016 F983      		std Y+1,r31
 173 0018 E883      		st Y,r30
 174               	.LSM19:
 175 001a 681B      		sub r22,r24
 176 001c 790B      		sbc r23,r25
 177 001e 1196      		adiw r26,1
 178 0020 7C93      		st X,r23
 179 0022 6E93      		st -X,r22
 180               	.LBE24:
 181               	.LBE23:
 182               	.LSM20:
 183 0024 8181      		ldd r24,Z+1
 184               	.LVL15:
 185 0026 8217      		cp r24,r18
 186 0028 01F0      		breq .L14
 187               	.LVL16:
 188               	.L13:
 189               	.LSM21:
 190 002a 6D91      		ld r22,X+
 191 002c 7C91      		ld r23,X
 192 002e 1197      		sbiw r26,1
 193 0030 6115      		cp r22,__zero_reg__
 194 0032 7105      		cpc r23,__zero_reg__
 195 0034 01F4      		brne .L15
 196               	.L14:
 197               	.LBE22:
 198               	.LBE21:
 199               	.LSM22:
 200 0036 8D91      		ld r24,X+
 201 0038 9C91      		ld r25,X
 202 003a 1197      		sbiw r26,1
 203 003c 892B      		or r24,r25
 204 003e 01F4      		brne .L20
 205 0040 00C0      		rjmp .L19
 206               	.LVL17:
 207               	.L18:
 208               	.LBB25:
 209               	.LBB26:
 210               	.LBB27:
 211               	.LBB28:
 212               	.LSM23:
 213 0042 E881      		ld r30,Y
 214 0044 F981      		ldd r31,Y+1
 215 0046 8081      		ld r24,Z
 216 0048 90E0      		ldi r25,lo8(0)
 217               	.LVL18:
 218               	.LSM24:
 219 004a E80F      		add r30,r24
 220 004c F91F      		adc r31,r25
 221               	.LVL19:
 222 004e F983      		std Y+1,r31
 223 0050 E883      		st Y,r30
 224               	.LSM25:
 225 0052 281B      		sub r18,r24
 226 0054 390B      		sbc r19,r25
 227 0056 1196      		adiw r26,1
 228 0058 3C93      		st X,r19
 229 005a 2E93      		st -X,r18
 230               	.LBE28:
 231               	.LBE27:
 232               	.LSM26:
 233 005c 8181      		ldd r24,Z+1
 234               	.LVL20:
 235 005e 8417      		cp r24,r20
 236 0060 01F0      		breq .L19
 237               	.LVL21:
 238               	.L20:
 239               	.LSM27:
 240 0062 2D91      		ld r18,X+
 241 0064 3C91      		ld r19,X
 242 0066 1197      		sbiw r26,1
 243               	.LVL22:
 244 0068 2115      		cp r18,__zero_reg__
 245 006a 3105      		cpc r19,__zero_reg__
 246 006c 01F4      		brne .L18
 247               	.LVL23:
 248               	.L19:
 249               	/* epilogue start */
 250               	.LBE26:
 251               	.LBE25:
 252               	.LSM28:
 253 006e DF91      		pop r29
 254 0070 CF91      		pop r28
 255               	.LVL24:
 256 0072 0895      		ret
 257               	.LFE32:
 259               		.section	.text.USB_GetNextDescriptorComp,"ax",@progbits
 260               	.global	USB_GetNextDescriptorComp
 262               	USB_GetNextDescriptorComp:
 263               	.LFB33:
 264               	.LSM29:
 265               	.LVL25:
 266 0000 AF92      		push r10
 267 0002 BF92      		push r11
 268 0004 CF92      		push r12
 269 0006 DF92      		push r13
 270 0008 EF92      		push r14
 271 000a FF92      		push r15
 272 000c 0F93      		push r16
 273 000e 1F93      		push r17
 274 0010 CF93      		push r28
 275 0012 DF93      		push r29
 276               	/* prologue: function */
 277               	/* frame size = 0 */
 278 0014 6C01      		movw r12,r24
 279 0016 7B01      		movw r14,r22
 280 0018 5A01      		movw r10,r20
 281 001a 00C0      		rjmp .L22
 282               	.LVL26:
 283               	.L25:
 284               	.LBB29:
 285               	.LSM30:
 286 001c F701      		movw r30,r14
 287 001e C081      		ld r28,Z
 288 0020 D181      		ldd r29,Z+1
 289               	.LBB30:
 290               	.LBB31:
 291               	.LSM31:
 292 0022 2881      		ld r18,Y
 293 0024 30E0      		ldi r19,lo8(0)
 294               	.LVL27:
 295               	.LSM32:
 296 0026 CE01      		movw r24,r28
 297               	.LVL28:
 298 0028 820F      		add r24,r18
 299 002a 931F      		adc r25,r19
 300               	.LVL29:
 301 002c 9183      		std Z+1,r25
 302 002e 8083      		st Z,r24
 303               	.LSM33:
 304 0030 A801      		movw r20,r16
 305 0032 421B      		sub r20,r18
 306 0034 530B      		sbc r21,r19
 307 0036 F601      		movw r30,r12
 308 0038 5183      		std Z+1,r21
 309 003a 4083      		st Z,r20
 310               	.LBE31:
 311               	.LBE30:
 312               	.LSM34:
 313 003c F501      		movw r30,r10
 314 003e 0995      		icall
 315               	.LVL30:
 316 0040 8230      		cpi r24,lo8(2)
 317               	.LVL31:
 318 0042 01F0      		breq .L22
 319               	.LSM35:
 320 0044 8130      		cpi r24,lo8(1)
 321 0046 01F4      		brne .L24
 322               	.LSM36:
 323 0048 F701      		movw r30,r14
 324 004a D183      		std Z+1,r29
 325 004c C083      		st Z,r28
 326               	.LSM37:
 327 004e F601      		movw r30,r12
 328 0050 1183      		std Z+1,r17
 329 0052 0083      		st Z,r16
 330 0054 00C0      		rjmp .L24
 331               	.LVL32:
 332               	.L22:
 333               	.LBE29:
 334               	.LSM38:
 335 0056 F601      		movw r30,r12
 336 0058 0081      		ld r16,Z
 337 005a 1181      		ldd r17,Z+1
 338 005c 0115      		cp r16,__zero_reg__
 339 005e 1105      		cpc r17,__zero_reg__
 340 0060 01F4      		brne .L25
 341 0062 82E0      		ldi r24,lo8(2)
 342               	.LVL33:
 343               	.L24:
 344               	.LVL34:
 345               	/* epilogue start */
 346               	.LSM39:
 347 0064 DF91      		pop r29
 348 0066 CF91      		pop r28
 349               	.LVL35:
 350 0068 1F91      		pop r17
 351 006a 0F91      		pop r16
 352 006c FF90      		pop r15
 353 006e EF90      		pop r14
 354               	.LVL36:
 355 0070 DF90      		pop r13
 356 0072 CF90      		pop r12
 357               	.LVL37:
 358 0074 BF90      		pop r11
 359 0076 AF90      		pop r10
 360               	.LVL38:
 361 0078 0895      		ret
 362               	.LFE33:
 412               	.Letext0:
DEFINED SYMBOLS
                            *ABS*:00000000 ConfigDescriptor.c
C:\DOCUME~1\Dovydas\LOCALS~1\Temp/cchLVEzb.s:2      *ABS*:0000003f __SREG__
C:\DOCUME~1\Dovydas\LOCALS~1\Temp/cchLVEzb.s:3      *ABS*:0000003e __SP_H__
C:\DOCUME~1\Dovydas\LOCALS~1\Temp/cchLVEzb.s:4      *ABS*:0000003d __SP_L__
C:\DOCUME~1\Dovydas\LOCALS~1\Temp/cchLVEzb.s:5      *ABS*:00000034 __CCP__
C:\DOCUME~1\Dovydas\LOCALS~1\Temp/cchLVEzb.s:6      *ABS*:00000000 __tmp_reg__
C:\DOCUME~1\Dovydas\LOCALS~1\Temp/cchLVEzb.s:7      *ABS*:00000001 __zero_reg__
C:\DOCUME~1\Dovydas\LOCALS~1\Temp/cchLVEzb.s:19     .text.USB_GetNextDescriptorOfType:00000000 USB_GetNextDescriptorOfType
C:\DOCUME~1\Dovydas\LOCALS~1\Temp/cchLVEzb.s:79     .text.USB_GetNextDescriptorOfTypeBefore:00000000 USB_GetNextDescriptorOfTypeBefore
C:\DOCUME~1\Dovydas\LOCALS~1\Temp/cchLVEzb.s:146    .text.USB_GetNextDescriptorOfTypeAfter:00000000 USB_GetNextDescriptorOfTypeAfter
C:\DOCUME~1\Dovydas\LOCALS~1\Temp/cchLVEzb.s:262    .text.USB_GetNextDescriptorComp:00000000 USB_GetNextDescriptorComp

NO UNDEFINED SYMBOLS
